Archive member included to satisfy reference by file (symbol)

c:/program files/microchip/xc8/v2.32/avr/bin/../lib/gcc/avr/5.4.0/../../../../avr/lib/avr5/memx-const\libm.a(addsf3.o)
                              build/default/production/UART.o (__subsf3)
c:/program files/microchip/xc8/v2.32/avr/bin/../lib/gcc/avr/5.4.0/../../../../avr/lib/avr5/memx-const\libm.a(addsf3x.o)
                              c:/program files/microchip/xc8/v2.32/avr/bin/../lib/gcc/avr/5.4.0/../../../../avr/lib/avr5/memx-const\libm.a(addsf3.o) (__addsf3x)
c:/program files/microchip/xc8/v2.32/avr/bin/../lib/gcc/avr/5.4.0/../../../../avr/lib/avr5/memx-const\libm.a(divsf3.o)
                              build/default/production/UART.o (__divsf3)
c:/program files/microchip/xc8/v2.32/avr/bin/../lib/gcc/avr/5.4.0/../../../../avr/lib/avr5/memx-const\libm.a(divsf3x.o)
                              c:/program files/microchip/xc8/v2.32/avr/bin/../lib/gcc/avr/5.4.0/../../../../avr/lib/avr5/memx-const\libm.a(divsf3.o) (__divsf3x)
c:/program files/microchip/xc8/v2.32/avr/bin/../lib/gcc/avr/5.4.0/../../../../avr/lib/avr5/memx-const\libm.a(fixsfsi.o)
                              build/default/production/UART.o (__fixsfsi)
c:/program files/microchip/xc8/v2.32/avr/bin/../lib/gcc/avr/5.4.0/../../../../avr/lib/avr5/memx-const\libm.a(fixunssfsi.o)
                              c:/program files/microchip/xc8/v2.32/avr/bin/../lib/gcc/avr/5.4.0/../../../../avr/lib/avr5/memx-const\libm.a(fixsfsi.o) (__fixunssfsi)
c:/program files/microchip/xc8/v2.32/avr/bin/../lib/gcc/avr/5.4.0/../../../../avr/lib/avr5/memx-const\libm.a(floatsisf.o)
                              build/default/production/UART.o (__floatsisf)
c:/program files/microchip/xc8/v2.32/avr/bin/../lib/gcc/avr/5.4.0/../../../../avr/lib/avr5/memx-const\libm.a(fp_inf.o)
                              c:/program files/microchip/xc8/v2.32/avr/bin/../lib/gcc/avr/5.4.0/../../../../avr/lib/avr5/memx-const\libm.a(addsf3x.o) (__fp_inf)
c:/program files/microchip/xc8/v2.32/avr/bin/../lib/gcc/avr/5.4.0/../../../../avr/lib/avr5/memx-const\libm.a(fp_nan.o)
                              c:/program files/microchip/xc8/v2.32/avr/bin/../lib/gcc/avr/5.4.0/../../../../avr/lib/avr5/memx-const\libm.a(addsf3x.o) (__fp_nan)
c:/program files/microchip/xc8/v2.32/avr/bin/../lib/gcc/avr/5.4.0/../../../../avr/lib/avr5/memx-const\libm.a(fp_pscA.o)
                              c:/program files/microchip/xc8/v2.32/avr/bin/../lib/gcc/avr/5.4.0/../../../../avr/lib/avr5/memx-const\libm.a(addsf3x.o) (__fp_pscA)
c:/program files/microchip/xc8/v2.32/avr/bin/../lib/gcc/avr/5.4.0/../../../../avr/lib/avr5/memx-const\libm.a(fp_pscB.o)
                              c:/program files/microchip/xc8/v2.32/avr/bin/../lib/gcc/avr/5.4.0/../../../../avr/lib/avr5/memx-const\libm.a(addsf3x.o) (__fp_pscB)
c:/program files/microchip/xc8/v2.32/avr/bin/../lib/gcc/avr/5.4.0/../../../../avr/lib/avr5/memx-const\libm.a(fp_round.o)
                              c:/program files/microchip/xc8/v2.32/avr/bin/../lib/gcc/avr/5.4.0/../../../../avr/lib/avr5/memx-const\libm.a(addsf3.o) (__fp_round)
c:/program files/microchip/xc8/v2.32/avr/bin/../lib/gcc/avr/5.4.0/../../../../avr/lib/avr5/memx-const\libm.a(fp_split3.o)
                              c:/program files/microchip/xc8/v2.32/avr/bin/../lib/gcc/avr/5.4.0/../../../../avr/lib/avr5/memx-const\libm.a(addsf3x.o) (__fp_split3)
c:/program files/microchip/xc8/v2.32/avr/bin/../lib/gcc/avr/5.4.0/../../../../avr/lib/avr5/memx-const\libm.a(fp_zero.o)
                              c:/program files/microchip/xc8/v2.32/avr/bin/../lib/gcc/avr/5.4.0/../../../../avr/lib/avr5/memx-const\libm.a(addsf3x.o) (__fp_zero)
c:/program files/microchip/xc8/v2.32/avr/bin/../lib/gcc/avr/5.4.0/avr5/memx-const\libgcc.a(_divmodhi4.o)
                              build/default/production/applayer_uart.o (__divmodhi4)
c:/program files/microchip/xc8/v2.32/avr/bin/../lib/gcc/avr/5.4.0/avr5/memx-const\libgcc.a(_exit.o)
                              C:/Program Files/Microchip/MPLABX/v5.50/packs/Microchip/ATmega_DFP/2.3.126/xc8/avr/lib/avr5/memx-const/crtatmega32.o (exit)
c:/program files/microchip/xc8/v2.32/avr/bin/../lib/gcc/avr/5.4.0/avr5/memx-const\libgcc.a(_copy_data.o)
                              build/default/production/applayer_uart.o (__do_copy_data)
c:/program files/microchip/xc8/v2.32/avr/bin/../lib/gcc/avr/5.4.0/avr5/memx-const\libgcc.a(_movmemx.o)
                              build/default/production/main.o (__movmemx_qi)
c:/program files/microchip/xc8/v2.32/avr/bin/../lib/gcc/avr/5.4.0/avr5/memx-const\libgcc.a(_udivmodhi4.o)
                              c:/program files/microchip/xc8/v2.32/avr/bin/../lib/gcc/avr/5.4.0/avr5/memx-const\libgcc.a(_divmodhi4.o) (__udivmodhi4)
c:/program files/microchip/xc8/v2.32/avr/bin/../lib/gcc/avr/5.4.0/../../../../avr/lib/avr5/memx-const\libc.a(itoa_ncheck.o)
                              build/default/production/LCD.o (__itoa_ncheck)
c:/program files/microchip/xc8/v2.32/avr/bin/../lib/gcc/avr/5.4.0/../../../../avr/lib/avr5/memx-const\libc.a(utoa_ncheck.o)
                              c:/program files/microchip/xc8/v2.32/avr/bin/../lib/gcc/avr/5.4.0/../../../../avr/lib/avr5/memx-const\libc.a(itoa_ncheck.o) (__utoa_common)
c:/program files/microchip/xc8/v2.32/avr/bin/../lib/gcc/avr/5.4.0/../../../../avr/lib/avr5/memx-const\libc.a(strrev.o)
                              c:/program files/microchip/xc8/v2.32/avr/bin/../lib/gcc/avr/5.4.0/../../../../avr/lib/avr5/memx-const\libc.a(utoa_ncheck.o) (strrev)

Allocating common symbols
Common symbol       size              file

__pass              0x14              build/default/production/applayer_uart.o
__User              0x14              build/default/production/applayer_uart.o

Discarded input sections

 .data          0x0000000000000000        0x0 C:/Program Files/Microchip/MPLABX/v5.50/packs/Microchip/ATmega_DFP/2.3.126/xc8/avr/lib/avr5/memx-const/crtatmega32.o
 .bss           0x0000000000000000        0x0 C:/Program Files/Microchip/MPLABX/v5.50/packs/Microchip/ATmega_DFP/2.3.126/xc8/avr/lib/avr5/memx-const/crtatmega32.o
 .text          0x0000000000000000        0x0 build/default/production/main.o
 .data          0x0000000000000000        0x0 build/default/production/main.o
 .bss           0x0000000000000000        0x0 build/default/production/main.o
 .text          0x0000000000000000        0x0 build/default/production/IO.o
 .data          0x0000000000000000        0x0 build/default/production/IO.o
 .bss           0x0000000000000000        0x0 build/default/production/IO.o
 .text.SetPortDir
                0x0000000000000000       0x60 build/default/production/IO.o
 .text.SetPortData
                0x0000000000000000       0x34 build/default/production/IO.o
 .text.TogglePort
                0x0000000000000000       0x3a build/default/production/IO.o
 .text.TogglePin
                0x0000000000000000       0x72 build/default/production/IO.o
 .text.Init_Leds
                0x0000000000000000        0x8 build/default/production/IO.o
 .text.Init_Relay
                0x0000000000000000        0x4 build/default/production/IO.o
 .text.Init_Buttons
                0x0000000000000000        0x8 build/default/production/IO.o
 .text.Set_Led  0x0000000000000000       0x40 build/default/production/IO.o
 .text.Set_Relay
                0x0000000000000000       0x10 build/default/production/IO.o
 .text          0x0000000000000000        0x0 build/default/production/LCD.o
 .data          0x0000000000000000        0x0 build/default/production/LCD.o
 .bss           0x0000000000000000        0x0 build/default/production/LCD.o
 .text.LCD_enable
                0x0000000000000000       0x2e build/default/production/LCD.o
 .text.Lcd_cmd  0x0000000000000000       0x28 build/default/production/LCD.o
 .text.LCD_clear
                0x0000000000000000       0x10 build/default/production/LCD.o
 .text.Init_Lcd
                0x0000000000000000       0x92 build/default/production/LCD.o
 .text.Lcd_Write
                0x0000000000000000       0x28 build/default/production/LCD.o
 .text.LcdWrite_str
                0x0000000000000000       0x1e build/default/production/LCD.o
 .text.LcdWrite_num
                0x0000000000000000       0x3a build/default/production/LCD.o
 .debug_info    0x0000000000000000      0x8d6 build/default/production/LCD.o
 .debug_abbrev  0x0000000000000000      0x1be build/default/production/LCD.o
 .debug_loc     0x0000000000000000      0x330 build/default/production/LCD.o
 .debug_aranges
                0x0000000000000000       0x50 build/default/production/LCD.o
 .debug_ranges  0x0000000000000000       0x40 build/default/production/LCD.o
 .debug_line    0x0000000000000000      0x230 build/default/production/LCD.o
 .debug_str     0x0000000000000000       0x3a build/default/production/LCD.o
 .comment       0x0000000000000000       0x30 build/default/production/LCD.o
 .debug_frame   0x0000000000000000       0xb0 build/default/production/LCD.o
 .text          0x0000000000000000        0x0 build/default/production/LCD_4bit.o
 .data          0x0000000000000000        0x0 build/default/production/LCD_4bit.o
 .bss           0x0000000000000000        0x0 build/default/production/LCD_4bit.o
 .text.LcdWrite_num_4bit
                0x0000000000000000       0x3a build/default/production/LCD_4bit.o
 .text          0x0000000000000000        0x0 build/default/production/EX_INT.o
 .data          0x0000000000000000        0x0 build/default/production/EX_INT.o
 .bss           0x0000000000000000        0x0 build/default/production/EX_INT.o
 .text.init_INT
                0x0000000000000000       0x62 build/default/production/EX_INT.o
 .debug_info    0x0000000000000000      0x258 build/default/production/EX_INT.o
 .debug_abbrev  0x0000000000000000       0x55 build/default/production/EX_INT.o
 .debug_loc     0x0000000000000000       0xc4 build/default/production/EX_INT.o
 .debug_aranges
                0x0000000000000000       0x20 build/default/production/EX_INT.o
 .debug_ranges  0x0000000000000000       0x10 build/default/production/EX_INT.o
 .debug_line    0x0000000000000000       0xb7 build/default/production/EX_INT.o
 .debug_str     0x0000000000000000        0x0 build/default/production/EX_INT.o
 .comment       0x0000000000000000       0x30 build/default/production/EX_INT.o
 .debug_frame   0x0000000000000000       0x24 build/default/production/EX_INT.o
 .text          0x0000000000000000        0x0 build/default/production/Timer.o
 .data          0x0000000000000000        0x0 build/default/production/Timer.o
 .bss           0x0000000000000000        0x0 build/default/production/Timer.o
 .text          0x0000000000000000        0x0 build/default/production/ADC.o
 .data          0x0000000000000000        0x0 build/default/production/ADC.o
 .bss           0x0000000000000000        0x0 build/default/production/ADC.o
 .text.ADC_READ_Left
                0x0000000000000000       0x1e build/default/production/ADC.o
 .text.ADC_Int_Enable
                0x0000000000000000        0x4 build/default/production/ADC.o
 .text          0x0000000000000000        0x0 build/default/production/UART.o
 .data          0x0000000000000000        0x0 build/default/production/UART.o
 .bss           0x0000000000000000        0x0 build/default/production/UART.o
 .text.uart_send_Num
                0x0000000000000000       0x3a build/default/production/UART.o
 .text          0x0000000000000000        0x0 build/default/production/SPI.o
 .data          0x0000000000000000        0x0 build/default/production/SPI.o
 .bss           0x0000000000000000        0x0 build/default/production/SPI.o
 .text.init_SPI
                0x0000000000000000       0x74 build/default/production/SPI.o
 .text.SPI_SetClK
                0x0000000000000000        0xe build/default/production/SPI.o
 .text.SPI_Send
                0x0000000000000000        0x8 build/default/production/SPI.o
 .text.SPI_Send_str
                0x0000000000000000       0x1e build/default/production/SPI.o
 .text.SPI_Send_num
                0x0000000000000000       0x3a build/default/production/SPI.o
 .text.SPI_Receive
                0x0000000000000000        0x8 build/default/production/SPI.o
 .debug_info    0x0000000000000000      0x567 build/default/production/SPI.o
 .debug_abbrev  0x0000000000000000      0x188 build/default/production/SPI.o
 .debug_loc     0x0000000000000000      0x1ba build/default/production/SPI.o
 .debug_aranges
                0x0000000000000000       0x48 build/default/production/SPI.o
 .debug_ranges  0x0000000000000000       0x38 build/default/production/SPI.o
 .debug_line    0x0000000000000000      0x170 build/default/production/SPI.o
 .debug_str     0x0000000000000000       0x18 build/default/production/SPI.o
 .comment       0x0000000000000000       0x30 build/default/production/SPI.o
 .debug_frame   0x0000000000000000       0x90 build/default/production/SPI.o
 .text          0x0000000000000000        0x0 build/default/production/TWI.o
 .data          0x0000000000000000        0x0 build/default/production/TWI.o
 .bss           0x0000000000000000        0x0 build/default/production/TWI.o
 .text.TWI_start
                0x0000000000000000       0x3c build/default/production/TWI.o
 .text.TWI_stop
                0x0000000000000000        0xe build/default/production/TWI.o
 .text.TWI_write
                0x0000000000000000       0x22 build/default/production/TWI.o
 .text.TWI_read
                0x0000000000000000       0x10 build/default/production/TWI.o
 .debug_info    0x0000000000000000      0x2df build/default/production/TWI.o
 .debug_abbrev  0x0000000000000000       0x96 build/default/production/TWI.o
 .debug_loc     0x0000000000000000       0xea build/default/production/TWI.o
 .debug_aranges
                0x0000000000000000       0x38 build/default/production/TWI.o
 .debug_ranges  0x0000000000000000       0x28 build/default/production/TWI.o
 .debug_line    0x0000000000000000      0x14d build/default/production/TWI.o
 .debug_str     0x0000000000000000        0xb build/default/production/TWI.o
 .comment       0x0000000000000000       0x30 build/default/production/TWI.o
 .debug_frame   0x0000000000000000       0x54 build/default/production/TWI.o
 .text          0x0000000000000000        0x0 build/default/production/Database.o
 .data          0x0000000000000000        0x0 build/default/production/Database.o
 .bss           0x0000000000000000        0x0 build/default/production/Database.o
 .text          0x0000000000000000        0x0 build/default/production/Motor.o
 .data          0x0000000000000000        0x0 build/default/production/Motor.o
 .bss           0x0000000000000000        0x0 build/default/production/Motor.o
 .text.Motor_Reverse
                0x0000000000000000       0x48 build/default/production/Motor.o
 .text          0x0000000000000000        0x0 build/default/production/INT_EEPROM.o
 .data          0x0000000000000000        0x0 build/default/production/INT_EEPROM.o
 .bss           0x0000000000000000        0x0 build/default/production/INT_EEPROM.o
 .text          0x0000000000000000        0x0 build/default/production/keypad.o
 .data          0x0000000000000000        0x0 build/default/production/keypad.o
 .bss           0x0000000000000000        0x0 build/default/production/keypad.o
 .text          0x0000000000000000        0x0 build/default/production/applayer_uart.o
 .data          0x0000000000000000        0x0 build/default/production/applayer_uart.o
 .bss           0x0000000000000000        0x0 build/default/production/applayer_uart.o
 .text          0x0000000000000000        0x0 build/default/production/applayer_keypad.o
 .data          0x0000000000000000        0x0 build/default/production/applayer_keypad.o
 .bss           0x0000000000000000        0x0 build/default/production/applayer_keypad.o
 .data.x15      0x0000000000000000        0x9 build/default/production/applayer_keypad.o
 .data.x14      0x0000000000000000        0x8 build/default/production/applayer_keypad.o
 .text          0x0000000000000000        0x0 build/default/production/My_timer2.o
 .data          0x0000000000000000        0x0 build/default/production/My_timer2.o
 .bss           0x0000000000000000        0x0 build/default/production/My_timer2.o
 .text.Timer2_enable_INT
                0x0000000000000000       0x16 build/default/production/My_timer2.o
 .text          0x0000000000000000        0x0 c:/program files/microchip/xc8/v2.32/avr/bin/../lib/gcc/avr/5.4.0/../../../../avr/lib/avr5/memx-const\libm.a(addsf3.o)
 .data          0x0000000000000000        0x0 c:/program files/microchip/xc8/v2.32/avr/bin/../lib/gcc/avr/5.4.0/../../../../avr/lib/avr5/memx-const\libm.a(addsf3.o)
 .bss           0x0000000000000000        0x0 c:/program files/microchip/xc8/v2.32/avr/bin/../lib/gcc/avr/5.4.0/../../../../avr/lib/avr5/memx-const\libm.a(addsf3.o)
 .stack.descriptors
                0x0000000000000000       0x2c c:/program files/microchip/xc8/v2.32/avr/bin/../lib/gcc/avr/5.4.0/../../../../avr/lib/avr5/memx-const\libm.a(addsf3.o)
 .text          0x0000000000000000        0x0 c:/program files/microchip/xc8/v2.32/avr/bin/../lib/gcc/avr/5.4.0/../../../../avr/lib/avr5/memx-const\libm.a(addsf3x.o)
 .data          0x0000000000000000        0x0 c:/program files/microchip/xc8/v2.32/avr/bin/../lib/gcc/avr/5.4.0/../../../../avr/lib/avr5/memx-const\libm.a(addsf3x.o)
 .bss           0x0000000000000000        0x0 c:/program files/microchip/xc8/v2.32/avr/bin/../lib/gcc/avr/5.4.0/../../../../avr/lib/avr5/memx-const\libm.a(addsf3x.o)
 .stack.descriptors
                0x0000000000000000       0x17 c:/program files/microchip/xc8/v2.32/avr/bin/../lib/gcc/avr/5.4.0/../../../../avr/lib/avr5/memx-const\libm.a(addsf3x.o)
 .text          0x0000000000000000        0x0 c:/program files/microchip/xc8/v2.32/avr/bin/../lib/gcc/avr/5.4.0/../../../../avr/lib/avr5/memx-const\libm.a(divsf3.o)
 .data          0x0000000000000000        0x0 c:/program files/microchip/xc8/v2.32/avr/bin/../lib/gcc/avr/5.4.0/../../../../avr/lib/avr5/memx-const\libm.a(divsf3.o)
 .bss           0x0000000000000000        0x0 c:/program files/microchip/xc8/v2.32/avr/bin/../lib/gcc/avr/5.4.0/../../../../avr/lib/avr5/memx-const\libm.a(divsf3.o)
 .stack.descriptors
                0x0000000000000000       0x16 c:/program files/microchip/xc8/v2.32/avr/bin/../lib/gcc/avr/5.4.0/../../../../avr/lib/avr5/memx-const\libm.a(divsf3.o)
 .text          0x0000000000000000        0x0 c:/program files/microchip/xc8/v2.32/avr/bin/../lib/gcc/avr/5.4.0/../../../../avr/lib/avr5/memx-const\libm.a(divsf3x.o)
 .data          0x0000000000000000        0x0 c:/program files/microchip/xc8/v2.32/avr/bin/../lib/gcc/avr/5.4.0/../../../../avr/lib/avr5/memx-const\libm.a(divsf3x.o)
 .bss           0x0000000000000000        0x0 c:/program files/microchip/xc8/v2.32/avr/bin/../lib/gcc/avr/5.4.0/../../../../avr/lib/avr5/memx-const\libm.a(divsf3x.o)
 .stack.descriptors
                0x0000000000000000       0x31 c:/program files/microchip/xc8/v2.32/avr/bin/../lib/gcc/avr/5.4.0/../../../../avr/lib/avr5/memx-const\libm.a(divsf3x.o)
 .text          0x0000000000000000        0x0 c:/program files/microchip/xc8/v2.32/avr/bin/../lib/gcc/avr/5.4.0/../../../../avr/lib/avr5/memx-const\libm.a(fixsfsi.o)
 .data          0x0000000000000000        0x0 c:/program files/microchip/xc8/v2.32/avr/bin/../lib/gcc/avr/5.4.0/../../../../avr/lib/avr5/memx-const\libm.a(fixsfsi.o)
 .bss           0x0000000000000000        0x0 c:/program files/microchip/xc8/v2.32/avr/bin/../lib/gcc/avr/5.4.0/../../../../avr/lib/avr5/memx-const\libm.a(fixsfsi.o)
 .stack.descriptors
                0x0000000000000000       0x17 c:/program files/microchip/xc8/v2.32/avr/bin/../lib/gcc/avr/5.4.0/../../../../avr/lib/avr5/memx-const\libm.a(fixsfsi.o)
 .text          0x0000000000000000        0x0 c:/program files/microchip/xc8/v2.32/avr/bin/../lib/gcc/avr/5.4.0/../../../../avr/lib/avr5/memx-const\libm.a(fixunssfsi.o)
 .data          0x0000000000000000        0x0 c:/program files/microchip/xc8/v2.32/avr/bin/../lib/gcc/avr/5.4.0/../../../../avr/lib/avr5/memx-const\libm.a(fixunssfsi.o)
 .bss           0x0000000000000000        0x0 c:/program files/microchip/xc8/v2.32/avr/bin/../lib/gcc/avr/5.4.0/../../../../avr/lib/avr5/memx-const\libm.a(fixunssfsi.o)
 .stack.descriptors
                0x0000000000000000       0x1a c:/program files/microchip/xc8/v2.32/avr/bin/../lib/gcc/avr/5.4.0/../../../../avr/lib/avr5/memx-const\libm.a(fixunssfsi.o)
 .text          0x0000000000000000        0x0 c:/program files/microchip/xc8/v2.32/avr/bin/../lib/gcc/avr/5.4.0/../../../../avr/lib/avr5/memx-const\libm.a(floatsisf.o)
 .data          0x0000000000000000        0x0 c:/program files/microchip/xc8/v2.32/avr/bin/../lib/gcc/avr/5.4.0/../../../../avr/lib/avr5/memx-const\libm.a(floatsisf.o)
 .bss           0x0000000000000000        0x0 c:/program files/microchip/xc8/v2.32/avr/bin/../lib/gcc/avr/5.4.0/../../../../avr/lib/avr5/memx-const\libm.a(floatsisf.o)
 .stack.descriptors
                0x0000000000000000       0x34 c:/program files/microchip/xc8/v2.32/avr/bin/../lib/gcc/avr/5.4.0/../../../../avr/lib/avr5/memx-const\libm.a(floatsisf.o)
 .text          0x0000000000000000        0x0 c:/program files/microchip/xc8/v2.32/avr/bin/../lib/gcc/avr/5.4.0/../../../../avr/lib/avr5/memx-const\libm.a(fp_inf.o)
 .data          0x0000000000000000        0x0 c:/program files/microchip/xc8/v2.32/avr/bin/../lib/gcc/avr/5.4.0/../../../../avr/lib/avr5/memx-const\libm.a(fp_inf.o)
 .bss           0x0000000000000000        0x0 c:/program files/microchip/xc8/v2.32/avr/bin/../lib/gcc/avr/5.4.0/../../../../avr/lib/avr5/memx-const\libm.a(fp_inf.o)
 .stack.descriptors
                0x0000000000000000       0x16 c:/program files/microchip/xc8/v2.32/avr/bin/../lib/gcc/avr/5.4.0/../../../../avr/lib/avr5/memx-const\libm.a(fp_inf.o)
 .text          0x0000000000000000        0x0 c:/program files/microchip/xc8/v2.32/avr/bin/../lib/gcc/avr/5.4.0/../../../../avr/lib/avr5/memx-const\libm.a(fp_nan.o)
 .data          0x0000000000000000        0x0 c:/program files/microchip/xc8/v2.32/avr/bin/../lib/gcc/avr/5.4.0/../../../../avr/lib/avr5/memx-const\libm.a(fp_nan.o)
 .bss           0x0000000000000000        0x0 c:/program files/microchip/xc8/v2.32/avr/bin/../lib/gcc/avr/5.4.0/../../../../avr/lib/avr5/memx-const\libm.a(fp_nan.o)
 .stack.descriptors
                0x0000000000000000       0x16 c:/program files/microchip/xc8/v2.32/avr/bin/../lib/gcc/avr/5.4.0/../../../../avr/lib/avr5/memx-const\libm.a(fp_nan.o)
 .text          0x0000000000000000        0x0 c:/program files/microchip/xc8/v2.32/avr/bin/../lib/gcc/avr/5.4.0/../../../../avr/lib/avr5/memx-const\libm.a(fp_pscA.o)
 .data          0x0000000000000000        0x0 c:/program files/microchip/xc8/v2.32/avr/bin/../lib/gcc/avr/5.4.0/../../../../avr/lib/avr5/memx-const\libm.a(fp_pscA.o)
 .bss           0x0000000000000000        0x0 c:/program files/microchip/xc8/v2.32/avr/bin/../lib/gcc/avr/5.4.0/../../../../avr/lib/avr5/memx-const\libm.a(fp_pscA.o)
 .stack.descriptors
                0x0000000000000000       0x17 c:/program files/microchip/xc8/v2.32/avr/bin/../lib/gcc/avr/5.4.0/../../../../avr/lib/avr5/memx-const\libm.a(fp_pscA.o)
 .text          0x0000000000000000        0x0 c:/program files/microchip/xc8/v2.32/avr/bin/../lib/gcc/avr/5.4.0/../../../../avr/lib/avr5/memx-const\libm.a(fp_pscB.o)
 .data          0x0000000000000000        0x0 c:/program files/microchip/xc8/v2.32/avr/bin/../lib/gcc/avr/5.4.0/../../../../avr/lib/avr5/memx-const\libm.a(fp_pscB.o)
 .bss           0x0000000000000000        0x0 c:/program files/microchip/xc8/v2.32/avr/bin/../lib/gcc/avr/5.4.0/../../../../avr/lib/avr5/memx-const\libm.a(fp_pscB.o)
 .stack.descriptors
                0x0000000000000000       0x17 c:/program files/microchip/xc8/v2.32/avr/bin/../lib/gcc/avr/5.4.0/../../../../avr/lib/avr5/memx-const\libm.a(fp_pscB.o)
 .text          0x0000000000000000        0x0 c:/program files/microchip/xc8/v2.32/avr/bin/../lib/gcc/avr/5.4.0/../../../../avr/lib/avr5/memx-const\libm.a(fp_round.o)
 .data          0x0000000000000000        0x0 c:/program files/microchip/xc8/v2.32/avr/bin/../lib/gcc/avr/5.4.0/../../../../avr/lib/avr5/memx-const\libm.a(fp_round.o)
 .bss           0x0000000000000000        0x0 c:/program files/microchip/xc8/v2.32/avr/bin/../lib/gcc/avr/5.4.0/../../../../avr/lib/avr5/memx-const\libm.a(fp_round.o)
 .stack.descriptors
                0x0000000000000000       0x18 c:/program files/microchip/xc8/v2.32/avr/bin/../lib/gcc/avr/5.4.0/../../../../avr/lib/avr5/memx-const\libm.a(fp_round.o)
 .text          0x0000000000000000        0x0 c:/program files/microchip/xc8/v2.32/avr/bin/../lib/gcc/avr/5.4.0/../../../../avr/lib/avr5/memx-const\libm.a(fp_split3.o)
 .data          0x0000000000000000        0x0 c:/program files/microchip/xc8/v2.32/avr/bin/../lib/gcc/avr/5.4.0/../../../../avr/lib/avr5/memx-const\libm.a(fp_split3.o)
 .bss           0x0000000000000000        0x0 c:/program files/microchip/xc8/v2.32/avr/bin/../lib/gcc/avr/5.4.0/../../../../avr/lib/avr5/memx-const\libm.a(fp_split3.o)
 .stack.descriptors
                0x0000000000000000       0x32 c:/program files/microchip/xc8/v2.32/avr/bin/../lib/gcc/avr/5.4.0/../../../../avr/lib/avr5/memx-const\libm.a(fp_split3.o)
 .text          0x0000000000000000        0x0 c:/program files/microchip/xc8/v2.32/avr/bin/../lib/gcc/avr/5.4.0/../../../../avr/lib/avr5/memx-const\libm.a(fp_zero.o)
 .data          0x0000000000000000        0x0 c:/program files/microchip/xc8/v2.32/avr/bin/../lib/gcc/avr/5.4.0/../../../../avr/lib/avr5/memx-const\libm.a(fp_zero.o)
 .bss           0x0000000000000000        0x0 c:/program files/microchip/xc8/v2.32/avr/bin/../lib/gcc/avr/5.4.0/../../../../avr/lib/avr5/memx-const\libm.a(fp_zero.o)
 .stack.descriptors
                0x0000000000000000       0x2f c:/program files/microchip/xc8/v2.32/avr/bin/../lib/gcc/avr/5.4.0/../../../../avr/lib/avr5/memx-const\libm.a(fp_zero.o)
 .text          0x0000000000000000        0x0 c:/program files/microchip/xc8/v2.32/avr/bin/../lib/gcc/avr/5.4.0/avr5/memx-const\libgcc.a(_divmodhi4.o)
 .data          0x0000000000000000        0x0 c:/program files/microchip/xc8/v2.32/avr/bin/../lib/gcc/avr/5.4.0/avr5/memx-const\libgcc.a(_divmodhi4.o)
 .bss           0x0000000000000000        0x0 c:/program files/microchip/xc8/v2.32/avr/bin/../lib/gcc/avr/5.4.0/avr5/memx-const\libgcc.a(_divmodhi4.o)
 .text.libgcc.mul
                0x0000000000000000        0x0 c:/program files/microchip/xc8/v2.32/avr/bin/../lib/gcc/avr/5.4.0/avr5/memx-const\libgcc.a(_divmodhi4.o)
 .stack.descriptors
                0x0000000000000000       0x19 c:/program files/microchip/xc8/v2.32/avr/bin/../lib/gcc/avr/5.4.0/avr5/memx-const\libgcc.a(_divmodhi4.o)
 .text.libgcc   0x0000000000000000        0x0 c:/program files/microchip/xc8/v2.32/avr/bin/../lib/gcc/avr/5.4.0/avr5/memx-const\libgcc.a(_divmodhi4.o)
 .text.libgcc.prologue
                0x0000000000000000        0x0 c:/program files/microchip/xc8/v2.32/avr/bin/../lib/gcc/avr/5.4.0/avr5/memx-const\libgcc.a(_divmodhi4.o)
 .text.libgcc.builtins
                0x0000000000000000        0x0 c:/program files/microchip/xc8/v2.32/avr/bin/../lib/gcc/avr/5.4.0/avr5/memx-const\libgcc.a(_divmodhi4.o)
 .text.libgcc.fmul
                0x0000000000000000        0x0 c:/program files/microchip/xc8/v2.32/avr/bin/../lib/gcc/avr/5.4.0/avr5/memx-const\libgcc.a(_divmodhi4.o)
 .text.libgcc.fixed
                0x0000000000000000        0x0 c:/program files/microchip/xc8/v2.32/avr/bin/../lib/gcc/avr/5.4.0/avr5/memx-const\libgcc.a(_divmodhi4.o)
 .text          0x0000000000000000        0x0 c:/program files/microchip/xc8/v2.32/avr/bin/../lib/gcc/avr/5.4.0/avr5/memx-const\libgcc.a(_exit.o)
 .data          0x0000000000000000        0x0 c:/program files/microchip/xc8/v2.32/avr/bin/../lib/gcc/avr/5.4.0/avr5/memx-const\libgcc.a(_exit.o)
 .bss           0x0000000000000000        0x0 c:/program files/microchip/xc8/v2.32/avr/bin/../lib/gcc/avr/5.4.0/avr5/memx-const\libgcc.a(_exit.o)
 .text.libgcc.mul
                0x0000000000000000        0x0 c:/program files/microchip/xc8/v2.32/avr/bin/../lib/gcc/avr/5.4.0/avr5/memx-const\libgcc.a(_exit.o)
 .text.libgcc.div
                0x0000000000000000        0x0 c:/program files/microchip/xc8/v2.32/avr/bin/../lib/gcc/avr/5.4.0/avr5/memx-const\libgcc.a(_exit.o)
 .text.libgcc   0x0000000000000000        0x0 c:/program files/microchip/xc8/v2.32/avr/bin/../lib/gcc/avr/5.4.0/avr5/memx-const\libgcc.a(_exit.o)
 .text.libgcc.prologue
                0x0000000000000000        0x0 c:/program files/microchip/xc8/v2.32/avr/bin/../lib/gcc/avr/5.4.0/avr5/memx-const\libgcc.a(_exit.o)
 .stack.descriptors
                0x0000000000000000       0x13 c:/program files/microchip/xc8/v2.32/avr/bin/../lib/gcc/avr/5.4.0/avr5/memx-const\libgcc.a(_exit.o)
 .text.libgcc.builtins
                0x0000000000000000        0x0 c:/program files/microchip/xc8/v2.32/avr/bin/../lib/gcc/avr/5.4.0/avr5/memx-const\libgcc.a(_exit.o)
 .text.libgcc.fmul
                0x0000000000000000        0x0 c:/program files/microchip/xc8/v2.32/avr/bin/../lib/gcc/avr/5.4.0/avr5/memx-const\libgcc.a(_exit.o)
 .text.libgcc.fixed
                0x0000000000000000        0x0 c:/program files/microchip/xc8/v2.32/avr/bin/../lib/gcc/avr/5.4.0/avr5/memx-const\libgcc.a(_exit.o)
 .text          0x0000000000000000        0x0 c:/program files/microchip/xc8/v2.32/avr/bin/../lib/gcc/avr/5.4.0/avr5/memx-const\libgcc.a(_copy_data.o)
 .data          0x0000000000000000        0x0 c:/program files/microchip/xc8/v2.32/avr/bin/../lib/gcc/avr/5.4.0/avr5/memx-const\libgcc.a(_copy_data.o)
 .bss           0x0000000000000000        0x0 c:/program files/microchip/xc8/v2.32/avr/bin/../lib/gcc/avr/5.4.0/avr5/memx-const\libgcc.a(_copy_data.o)
 .text.libgcc.mul
                0x0000000000000000        0x0 c:/program files/microchip/xc8/v2.32/avr/bin/../lib/gcc/avr/5.4.0/avr5/memx-const\libgcc.a(_copy_data.o)
 .text.libgcc.div
                0x0000000000000000        0x0 c:/program files/microchip/xc8/v2.32/avr/bin/../lib/gcc/avr/5.4.0/avr5/memx-const\libgcc.a(_copy_data.o)
 .text.libgcc   0x0000000000000000        0x0 c:/program files/microchip/xc8/v2.32/avr/bin/../lib/gcc/avr/5.4.0/avr5/memx-const\libgcc.a(_copy_data.o)
 .text.libgcc.prologue
                0x0000000000000000        0x0 c:/program files/microchip/xc8/v2.32/avr/bin/../lib/gcc/avr/5.4.0/avr5/memx-const\libgcc.a(_copy_data.o)
 .text.libgcc.builtins
                0x0000000000000000        0x0 c:/program files/microchip/xc8/v2.32/avr/bin/../lib/gcc/avr/5.4.0/avr5/memx-const\libgcc.a(_copy_data.o)
 .text.libgcc.fmul
                0x0000000000000000        0x0 c:/program files/microchip/xc8/v2.32/avr/bin/../lib/gcc/avr/5.4.0/avr5/memx-const\libgcc.a(_copy_data.o)
 .text.libgcc.fixed
                0x0000000000000000        0x0 c:/program files/microchip/xc8/v2.32/avr/bin/../lib/gcc/avr/5.4.0/avr5/memx-const\libgcc.a(_copy_data.o)
 .text          0x0000000000000000        0x0 c:/program files/microchip/xc8/v2.32/avr/bin/../lib/gcc/avr/5.4.0/avr5/memx-const\libgcc.a(_movmemx.o)
 .data          0x0000000000000000        0x0 c:/program files/microchip/xc8/v2.32/avr/bin/../lib/gcc/avr/5.4.0/avr5/memx-const\libgcc.a(_movmemx.o)
 .bss           0x0000000000000000        0x0 c:/program files/microchip/xc8/v2.32/avr/bin/../lib/gcc/avr/5.4.0/avr5/memx-const\libgcc.a(_movmemx.o)
 .text.libgcc.mul
                0x0000000000000000        0x0 c:/program files/microchip/xc8/v2.32/avr/bin/../lib/gcc/avr/5.4.0/avr5/memx-const\libgcc.a(_movmemx.o)
 .text.libgcc.div
                0x0000000000000000        0x0 c:/program files/microchip/xc8/v2.32/avr/bin/../lib/gcc/avr/5.4.0/avr5/memx-const\libgcc.a(_movmemx.o)
 .text.libgcc.prologue
                0x0000000000000000        0x0 c:/program files/microchip/xc8/v2.32/avr/bin/../lib/gcc/avr/5.4.0/avr5/memx-const\libgcc.a(_movmemx.o)
 .stack.descriptors
                0x0000000000000000       0x34 c:/program files/microchip/xc8/v2.32/avr/bin/../lib/gcc/avr/5.4.0/avr5/memx-const\libgcc.a(_movmemx.o)
 .text.libgcc.builtins
                0x0000000000000000        0x0 c:/program files/microchip/xc8/v2.32/avr/bin/../lib/gcc/avr/5.4.0/avr5/memx-const\libgcc.a(_movmemx.o)
 .text.libgcc.fmul
                0x0000000000000000        0x0 c:/program files/microchip/xc8/v2.32/avr/bin/../lib/gcc/avr/5.4.0/avr5/memx-const\libgcc.a(_movmemx.o)
 .text.libgcc.fixed
                0x0000000000000000        0x0 c:/program files/microchip/xc8/v2.32/avr/bin/../lib/gcc/avr/5.4.0/avr5/memx-const\libgcc.a(_movmemx.o)
 .text          0x0000000000000000        0x0 c:/program files/microchip/xc8/v2.32/avr/bin/../lib/gcc/avr/5.4.0/avr5/memx-const\libgcc.a(_udivmodhi4.o)
 .data          0x0000000000000000        0x0 c:/program files/microchip/xc8/v2.32/avr/bin/../lib/gcc/avr/5.4.0/avr5/memx-const\libgcc.a(_udivmodhi4.o)
 .bss           0x0000000000000000        0x0 c:/program files/microchip/xc8/v2.32/avr/bin/../lib/gcc/avr/5.4.0/avr5/memx-const\libgcc.a(_udivmodhi4.o)
 .text.libgcc.mul
                0x0000000000000000        0x0 c:/program files/microchip/xc8/v2.32/avr/bin/../lib/gcc/avr/5.4.0/avr5/memx-const\libgcc.a(_udivmodhi4.o)
 .stack.descriptors
                0x0000000000000000       0x1a c:/program files/microchip/xc8/v2.32/avr/bin/../lib/gcc/avr/5.4.0/avr5/memx-const\libgcc.a(_udivmodhi4.o)
 .text.libgcc   0x0000000000000000        0x0 c:/program files/microchip/xc8/v2.32/avr/bin/../lib/gcc/avr/5.4.0/avr5/memx-const\libgcc.a(_udivmodhi4.o)
 .text.libgcc.prologue
                0x0000000000000000        0x0 c:/program files/microchip/xc8/v2.32/avr/bin/../lib/gcc/avr/5.4.0/avr5/memx-const\libgcc.a(_udivmodhi4.o)
 .text.libgcc.builtins
                0x0000000000000000        0x0 c:/program files/microchip/xc8/v2.32/avr/bin/../lib/gcc/avr/5.4.0/avr5/memx-const\libgcc.a(_udivmodhi4.o)
 .text.libgcc.fmul
                0x0000000000000000        0x0 c:/program files/microchip/xc8/v2.32/avr/bin/../lib/gcc/avr/5.4.0/avr5/memx-const\libgcc.a(_udivmodhi4.o)
 .text.libgcc.fixed
                0x0000000000000000        0x0 c:/program files/microchip/xc8/v2.32/avr/bin/../lib/gcc/avr/5.4.0/avr5/memx-const\libgcc.a(_udivmodhi4.o)
 .text          0x0000000000000000        0x0 c:/program files/microchip/xc8/v2.32/avr/bin/../lib/gcc/avr/5.4.0/../../../../avr/lib/avr5/memx-const\libc.a(itoa_ncheck.o)
 .data          0x0000000000000000        0x0 c:/program files/microchip/xc8/v2.32/avr/bin/../lib/gcc/avr/5.4.0/../../../../avr/lib/avr5/memx-const\libc.a(itoa_ncheck.o)
 .bss           0x0000000000000000        0x0 c:/program files/microchip/xc8/v2.32/avr/bin/../lib/gcc/avr/5.4.0/../../../../avr/lib/avr5/memx-const\libc.a(itoa_ncheck.o)
 .stack.descriptors
                0x0000000000000000       0x1b c:/program files/microchip/xc8/v2.32/avr/bin/../lib/gcc/avr/5.4.0/../../../../avr/lib/avr5/memx-const\libc.a(itoa_ncheck.o)
 .text          0x0000000000000000        0x0 c:/program files/microchip/xc8/v2.32/avr/bin/../lib/gcc/avr/5.4.0/../../../../avr/lib/avr5/memx-const\libc.a(utoa_ncheck.o)
 .data          0x0000000000000000        0x0 c:/program files/microchip/xc8/v2.32/avr/bin/../lib/gcc/avr/5.4.0/../../../../avr/lib/avr5/memx-const\libc.a(utoa_ncheck.o)
 .bss           0x0000000000000000        0x0 c:/program files/microchip/xc8/v2.32/avr/bin/../lib/gcc/avr/5.4.0/../../../../avr/lib/avr5/memx-const\libc.a(utoa_ncheck.o)
 .stack.descriptors
                0x0000000000000000       0x36 c:/program files/microchip/xc8/v2.32/avr/bin/../lib/gcc/avr/5.4.0/../../../../avr/lib/avr5/memx-const\libc.a(utoa_ncheck.o)
 .text          0x0000000000000000        0x0 c:/program files/microchip/xc8/v2.32/avr/bin/../lib/gcc/avr/5.4.0/../../../../avr/lib/avr5/memx-const\libc.a(strrev.o)
 .data          0x0000000000000000        0x0 c:/program files/microchip/xc8/v2.32/avr/bin/../lib/gcc/avr/5.4.0/../../../../avr/lib/avr5/memx-const\libc.a(strrev.o)
 .bss           0x0000000000000000        0x0 c:/program files/microchip/xc8/v2.32/avr/bin/../lib/gcc/avr/5.4.0/../../../../avr/lib/avr5/memx-const\libc.a(strrev.o)
 .stack.descriptors
                0x0000000000000000       0x14 c:/program files/microchip/xc8/v2.32/avr/bin/../lib/gcc/avr/5.4.0/../../../../avr/lib/avr5/memx-const\libc.a(strrev.o)

Memory Configuration

Name             Origin             Length             Attributes
text             0x0000000000000000 0x0000000000008000 xr
data             0x0000000000800060 0x0000000000000800 rw !x
eeprom           0x0000000000810000 0x0000000000000400 rw !x
fuse             0x0000000000820000 0x0000000000000002 rw !x
lock             0x0000000000830000 0x0000000000000400 rw !x
signature        0x0000000000840000 0x0000000000000400 rw !x
user_signatures  0x0000000000850000 0x0000000000000400 rw !x
*default*        0x0000000000000000 0xffffffffffffffff

Linker script and memory map

LOAD C:/Program Files/Microchip/MPLABX/v5.50/packs/Microchip/ATmega_DFP/2.3.126/xc8/avr/lib/avr5/memx-const/crtatmega32.o
                0x0000000000000001                __MPLAB_BUILD = 0x1
LOAD build/default/production/main.o
LOAD build/default/production/IO.o
LOAD build/default/production/LCD.o
LOAD build/default/production/LCD_4bit.o
LOAD build/default/production/EX_INT.o
LOAD build/default/production/Timer.o
LOAD build/default/production/ADC.o
LOAD build/default/production/UART.o
LOAD build/default/production/SPI.o
LOAD build/default/production/TWI.o
LOAD build/default/production/Database.o
LOAD build/default/production/Motor.o
LOAD build/default/production/INT_EEPROM.o
LOAD build/default/production/keypad.o
LOAD build/default/production/applayer_uart.o
LOAD build/default/production/applayer_keypad.o
LOAD build/default/production/My_timer2.o
START GROUP
LOAD c:/program files/microchip/xc8/v2.32/avr/bin/../lib/gcc/avr/5.4.0/../../../../avr/lib/avr5/memx-const\libm.a
END GROUP
START GROUP
LOAD c:/program files/microchip/xc8/v2.32/avr/bin/../lib/gcc/avr/5.4.0/avr5/memx-const\libgcc.a
LOAD c:/program files/microchip/xc8/v2.32/avr/bin/../lib/gcc/avr/5.4.0/../../../../avr/lib/avr5/memx-const\libm.a
LOAD c:/program files/microchip/xc8/v2.32/avr/bin/../lib/gcc/avr/5.4.0/../../../../avr/lib/avr5/memx-const\libc.a
LOAD C:/Program Files/Microchip/MPLABX/v5.50/packs/Microchip/ATmega_DFP/2.3.126/xc8/avr/lib/avr5/memx-const\libatmega32.a
END GROUP
                0x0000000000000000                __TEXT_REGION_ORIGIN__ = DEFINED (__TEXT_REGION_ORIGIN__)?__TEXT_REGION_ORIGIN__:0x0
                [0x0000000000800060]                __DATA_REGION_ORIGIN__ = DEFINED (__DATA_REGION_ORIGIN__)?__DATA_REGION_ORIGIN__:0x800060
                [0x0000000000008000]                __TEXT_REGION_LENGTH__ = DEFINED (__TEXT_REGION_LENGTH__)?__TEXT_REGION_LENGTH__:0x20000
                [0x0000000000000800]                __DATA_REGION_LENGTH__ = DEFINED (__DATA_REGION_LENGTH__)?__DATA_REGION_LENGTH__:0xffa0
                [0x0000000000000400]                __EEPROM_REGION_LENGTH__ = DEFINED (__EEPROM_REGION_LENGTH__)?__EEPROM_REGION_LENGTH__:0x10000
                [0x0000000000000002]                __FUSE_REGION_LENGTH__ = DEFINED (__FUSE_REGION_LENGTH__)?__FUSE_REGION_LENGTH__:0x400
                0x0000000000000400                __LOCK_REGION_LENGTH__ = DEFINED (__LOCK_REGION_LENGTH__)?__LOCK_REGION_LENGTH__:0x400
                0x0000000000000400                __SIGNATURE_REGION_LENGTH__ = DEFINED (__SIGNATURE_REGION_LENGTH__)?__SIGNATURE_REGION_LENGTH__:0x400
                0x0000000000000400                __USER_SIGNATURE_REGION_LENGTH__ = DEFINED (__USER_SIGNATURE_REGION_LENGTH__)?__USER_SIGNATURE_REGION_LENGTH__:0x400

.hash
 *(.hash)

.dynsym
 *(.dynsym)

.dynstr
 *(.dynstr)

.gnu.version
 *(.gnu.version)

.gnu.version_d
 *(.gnu.version_d)

.gnu.version_r
 *(.gnu.version_r)

.rel.init
 *(.rel.init)

.rela.init
 *(.rela.init)

.rel.text
 *(.rel.text)
 *(.rel.text.*)
 *(.rel.gnu.linkonce.t*)

.rela.text
 *(.rela.text)
 *(.rela.text.*)
 *(.rela.gnu.linkonce.t*)

.rel.fini
 *(.rel.fini)

.rela.fini
 *(.rela.fini)

.rel.rodata
 *(.rel.rodata)
 *(.rel.rodata.*)
 *(.rel.gnu.linkonce.r*)

.rela.rodata
 *(.rela.rodata)
 *(.rela.rodata.*)
 *(.rela.gnu.linkonce.r*)

.rel.data
 *(.rel.data)
 *(.rel.data.*)
 *(.rel.gnu.linkonce.d*)

.rela.data
 *(.rela.data)
 *(.rela.data.*)
 *(.rela.gnu.linkonce.d*)

.rel.ctors
 *(.rel.ctors)

.rela.ctors
 *(.rela.ctors)

.rel.dtors
 *(.rel.dtors)

.rela.dtors
 *(.rela.dtors)

.rel.got
 *(.rel.got)

.rela.got
 *(.rela.got)

.rel.bss
 *(.rel.bss)

.rela.bss
 *(.rela.bss)

.rel.plt
 *(.rel.plt)

.rela.plt
 *(.rela.plt)

.text           0x0000000000000000       0xba
 *(.vectors)
 .vectors       0x0000000000000000       0x54 C:/Program Files/Microchip/MPLABX/v5.50/packs/Microchip/ATmega_DFP/2.3.126/xc8/avr/lib/avr5/memx-const/crtatmega32.o
                0x0000000000000000                __vector_default
                0x0000000000000000                __vectors
 *(.vectors)
 *(.progmem.gcc*)
 *(.dinit)
 .dinit         0x0000000000000054       0x11 data_init
                0x0000000000000066                . = ALIGN (0x2)
 *fill*         0x0000000000000065        0x1 
                0x0000000000000066                __trampolines_start = .
 *(.trampolines)
 .trampolines   0x0000000000000066        0x0 linker stubs
 *(.trampolines*)
                0x0000000000000066                __trampolines_end = .
 *libprintf_flt.a:*(.progmem.data)
 *libc.a:*(.progmem.data)
                0x0000000000000066                . = ALIGN (0x2)
 *(.jumptables)
 *(.jumptables*)
 *(.lowtext)
 *(.lowtext*)
                0x0000000000000066                __ctors_start = .
 *(.ctors)
                0x0000000000000066                __ctors_end = .
                0x0000000000000066                __dtors_start = .
 *(.dtors)
                0x0000000000000066                __dtors_end = .
 SORT(*)(.ctors)
 SORT(*)(.dtors)
 *(.init0)
 .init0         0x0000000000000066        0x0 C:/Program Files/Microchip/MPLABX/v5.50/packs/Microchip/ATmega_DFP/2.3.126/xc8/avr/lib/avr5/memx-const/crtatmega32.o
                0x0000000000000066                __init
 *(.init0)
 *(.init1)
 *(.init1)
 *(.init2)
 .init2         0x0000000000000066        0xc C:/Program Files/Microchip/MPLABX/v5.50/packs/Microchip/ATmega_DFP/2.3.126/xc8/avr/lib/avr5/memx-const/crtatmega32.o
 *(.init2)
 *(.init3)
 *(.init3)
 *(.init4)
 .init4         0x0000000000000072       0x3c c:/program files/microchip/xc8/v2.32/avr/bin/../lib/gcc/avr/5.4.0/avr5/memx-const\libgcc.a(_copy_data.o)
                0x0000000000000072                __do_copy_data
                0x00000000000000a0                __do_clear_bss
 *(.init4)
 *(.init5)
 *(.init5)
 *(.init6)
 *(.init6)
 *(.init7)
 *(.init7)
 *(.init8)
 *(.init8)
 *(.init9)
 .init9         0x00000000000000ae        0x8 C:/Program Files/Microchip/MPLABX/v5.50/packs/Microchip/ATmega_DFP/2.3.126/xc8/avr/lib/avr5/memx-const/crtatmega32.o
 *(.init9)
                0x00000000000000b6                . = ALIGN (0x2)
 *(.fini9)
 .fini9         0x00000000000000b6        0x0 c:/program files/microchip/xc8/v2.32/avr/bin/../lib/gcc/avr/5.4.0/avr5/memx-const\libgcc.a(_exit.o)
                0x00000000000000b6                _exit
                0x00000000000000b6                exit
 *(.fini9)
 *(.fini8)
 *(.fini8)
 *(.fini7)
 *(.fini7)
 *(.fini6)
 *(.fini6)
 *(.fini5)
 *(.fini5)
 *(.fini4)
 *(.fini4)
 *(.fini3)
 *(.fini3)
 *(.fini2)
 *(.fini2)
 *(.fini1)
 *(.fini1)
 *(.fini0)
 .fini0         0x00000000000000b6        0x4 c:/program files/microchip/xc8/v2.32/avr/bin/../lib/gcc/avr/5.4.0/avr5/memx-const\libgcc.a(_exit.o)
 *(.fini0)
                0x00000000000000ba                _etext = .

.data           0x0000000000800060        0x0 load address 0x00000000000000ba
                [!provide]                        PROVIDE (__data_start, .)
 *(.gnu.linkonce.d*)
 *(.gnu.linkonce.r*)
                0x0000000000800060                . = ALIGN (0x2)
                0x0000000000800060                _edata = .
                [!provide]                        PROVIDE (__data_end, .)

.bss            0x0000000000800060       0x28
                [!provide]                        PROVIDE (__bss_start, .)
 *(COMMON)
 COMMON         0x0000000000800060       0x28 build/default/production/applayer_uart.o
                0x0000000000800060                __pass
                0x0000000000800074                __User
                [!provide]                        PROVIDE (__bss_end, .)
                0x00000000000000ba                __data_load_start = LOADADDR (.data)
                0x00000000000000ba                __data_load_end = (__data_load_start + SIZEOF (.data))

.noinit         0x0000000000800088        0x0
                [!provide]                        PROVIDE (__noinit_start, .)
 *(.noinit*)
                [!provide]                        PROVIDE (__noinit_end, .)
                0x0000000000800088                _end = .

.eeprom         0x0000000000810000        0x0
 *(.eeprom*)
                0x0000000000810000                __eeprom_end = .

.fuse
 *(.fuse)
 *(.lfuse)
 *(.hfuse)
 *(.efuse)

.lock
 *(.lock*)

.signature
 *(.signature*)

.user_signatures
 *(.user_signatures*)

.stab
 *(.stab)

.stabstr
 *(.stabstr)

.stab.excl
 *(.stab.excl)

.stab.exclstr
 *(.stab.exclstr)

.stab.index
 *(.stab.index)

.stab.indexstr
 *(.stab.indexstr)

.comment        0x0000000000000000       0x2f
 *(.comment)
 .comment       0x0000000000000000       0x2f build/default/production/main.o
                                         0x30 (size before relaxing)
 .comment       0x000000000000002f       0x30 build/default/production/IO.o
 .comment       0x000000000000002f       0x30 build/default/production/LCD_4bit.o
 .comment       0x000000000000002f       0x30 build/default/production/Timer.o
 .comment       0x000000000000002f       0x30 build/default/production/ADC.o
 .comment       0x000000000000002f       0x30 build/default/production/UART.o
 .comment       0x000000000000002f       0x30 build/default/production/Database.o
 .comment       0x000000000000002f       0x30 build/default/production/Motor.o
 .comment       0x000000000000002f       0x30 build/default/production/INT_EEPROM.o
 .comment       0x000000000000002f       0x30 build/default/production/keypad.o
 .comment       0x000000000000002f       0x30 build/default/production/applayer_uart.o
 .comment       0x000000000000002f       0x30 build/default/production/applayer_keypad.o
 .comment       0x000000000000002f       0x30 build/default/production/My_timer2.o

.stack.descriptors.hdr
                0x0000000000000000      0x126
 .stack.descriptors.hdr
                0x0000000000000000        0xe c:/program files/microchip/xc8/v2.32/avr/bin/../lib/gcc/avr/5.4.0/../../../../avr/lib/avr5/memx-const\libm.a(addsf3.o)
 .stack.descriptors.hdr
                0x000000000000000e        0xe c:/program files/microchip/xc8/v2.32/avr/bin/../lib/gcc/avr/5.4.0/../../../../avr/lib/avr5/memx-const\libm.a(addsf3x.o)
 .stack.descriptors.hdr
                0x000000000000001c        0xe c:/program files/microchip/xc8/v2.32/avr/bin/../lib/gcc/avr/5.4.0/../../../../avr/lib/avr5/memx-const\libm.a(divsf3.o)
 .stack.descriptors.hdr
                0x000000000000002a        0xe c:/program files/microchip/xc8/v2.32/avr/bin/../lib/gcc/avr/5.4.0/../../../../avr/lib/avr5/memx-const\libm.a(divsf3x.o)
 .stack.descriptors.hdr
                0x0000000000000038        0xe c:/program files/microchip/xc8/v2.32/avr/bin/../lib/gcc/avr/5.4.0/../../../../avr/lib/avr5/memx-const\libm.a(fixsfsi.o)
 .stack.descriptors.hdr
                0x0000000000000046        0xe c:/program files/microchip/xc8/v2.32/avr/bin/../lib/gcc/avr/5.4.0/../../../../avr/lib/avr5/memx-const\libm.a(fixunssfsi.o)
 .stack.descriptors.hdr
                0x0000000000000054        0xe c:/program files/microchip/xc8/v2.32/avr/bin/../lib/gcc/avr/5.4.0/../../../../avr/lib/avr5/memx-const\libm.a(floatsisf.o)
 .stack.descriptors.hdr
                0x0000000000000062        0xe c:/program files/microchip/xc8/v2.32/avr/bin/../lib/gcc/avr/5.4.0/../../../../avr/lib/avr5/memx-const\libm.a(fp_inf.o)
 .stack.descriptors.hdr
                0x0000000000000070        0xe c:/program files/microchip/xc8/v2.32/avr/bin/../lib/gcc/avr/5.4.0/../../../../avr/lib/avr5/memx-const\libm.a(fp_nan.o)
 .stack.descriptors.hdr
                0x000000000000007e        0xe c:/program files/microchip/xc8/v2.32/avr/bin/../lib/gcc/avr/5.4.0/../../../../avr/lib/avr5/memx-const\libm.a(fp_pscA.o)
 .stack.descriptors.hdr
                0x000000000000008c        0xe c:/program files/microchip/xc8/v2.32/avr/bin/../lib/gcc/avr/5.4.0/../../../../avr/lib/avr5/memx-const\libm.a(fp_pscB.o)
 .stack.descriptors.hdr
                0x000000000000009a        0xe c:/program files/microchip/xc8/v2.32/avr/bin/../lib/gcc/avr/5.4.0/../../../../avr/lib/avr5/memx-const\libm.a(fp_round.o)
 .stack.descriptors.hdr
                0x00000000000000a8        0xe c:/program files/microchip/xc8/v2.32/avr/bin/../lib/gcc/avr/5.4.0/../../../../avr/lib/avr5/memx-const\libm.a(fp_split3.o)
 .stack.descriptors.hdr
                0x00000000000000b6        0xe c:/program files/microchip/xc8/v2.32/avr/bin/../lib/gcc/avr/5.4.0/../../../../avr/lib/avr5/memx-const\libm.a(fp_zero.o)
 .stack.descriptors.hdr
                0x00000000000000c4        0xe c:/program files/microchip/xc8/v2.32/avr/bin/../lib/gcc/avr/5.4.0/avr5/memx-const\libgcc.a(_divmodhi4.o)
 .stack.descriptors.hdr
                0x00000000000000d2        0xe c:/program files/microchip/xc8/v2.32/avr/bin/../lib/gcc/avr/5.4.0/avr5/memx-const\libgcc.a(_exit.o)
 .stack.descriptors.hdr
                0x00000000000000e0        0xe c:/program files/microchip/xc8/v2.32/avr/bin/../lib/gcc/avr/5.4.0/avr5/memx-const\libgcc.a(_movmemx.o)
 .stack.descriptors.hdr
                0x00000000000000ee        0xe c:/program files/microchip/xc8/v2.32/avr/bin/../lib/gcc/avr/5.4.0/avr5/memx-const\libgcc.a(_udivmodhi4.o)
 .stack.descriptors.hdr
                0x00000000000000fc        0xe c:/program files/microchip/xc8/v2.32/avr/bin/../lib/gcc/avr/5.4.0/../../../../avr/lib/avr5/memx-const\libc.a(itoa_ncheck.o)
 .stack.descriptors.hdr
                0x000000000000010a        0xe c:/program files/microchip/xc8/v2.32/avr/bin/../lib/gcc/avr/5.4.0/../../../../avr/lib/avr5/memx-const\libc.a(utoa_ncheck.o)
 .stack.descriptors.hdr
                0x0000000000000118        0xe c:/program files/microchip/xc8/v2.32/avr/bin/../lib/gcc/avr/5.4.0/../../../../avr/lib/avr5/memx-const\libc.a(strrev.o)

.note.gnu.build-id
 *(.note.gnu.build-id)

.debug
 *(.debug)

.line
 *(.line)

.debug_srcinfo
 *(.debug_srcinfo)

.debug_sfnames
 *(.debug_sfnames)

.debug_aranges  0x0000000000000000      0x370
 *(.debug_aranges)
 .debug_aranges
                0x0000000000000000       0x30 build/default/production/main.o
 .debug_aranges
                0x0000000000000030       0x88 build/default/production/IO.o
 .debug_aranges
                0x00000000000000b8       0x58 build/default/production/LCD_4bit.o
 .debug_aranges
                0x0000000000000110       0x40 build/default/production/Timer.o
 .debug_aranges
                0x0000000000000150       0x40 build/default/production/ADC.o
 .debug_aranges
                0x0000000000000190       0x40 build/default/production/UART.o
 .debug_aranges
                0x00000000000001d0       0x38 build/default/production/Database.o
 .debug_aranges
                0x0000000000000208       0x38 build/default/production/Motor.o
 .debug_aranges
                0x0000000000000240       0x38 build/default/production/INT_EEPROM.o
 .debug_aranges
                0x0000000000000278       0x28 build/default/production/keypad.o
 .debug_aranges
                0x00000000000002a0       0x58 build/default/production/applayer_uart.o
 .debug_aranges
                0x00000000000002f8       0x40 build/default/production/applayer_keypad.o
 .debug_aranges
                0x0000000000000338       0x38 build/default/production/My_timer2.o

.debug_pubnames
 *(.debug_pubnames)

.debug_info     0x0000000000000000     0x7228
 *(.debug_info .gnu.linkonce.wi.*)
 .debug_info    0x0000000000000000      0x4e6 C:/Program Files/Microchip/MPLABX/v5.50/packs/Microchip/ATmega_DFP/2.3.126/xc8/avr/lib/avr5/memx-const/crtatmega32.o
 .debug_info    0x00000000000004e6      0x620 build/default/production/main.o
 .debug_info    0x0000000000000b06      0x777 build/default/production/IO.o
 .debug_info    0x000000000000127d      0x913 build/default/production/LCD_4bit.o
 .debug_info    0x0000000000001b90      0x33b build/default/production/Timer.o
 .debug_info    0x0000000000001ecb      0x325 build/default/production/ADC.o
 .debug_info    0x00000000000021f0      0x488 build/default/production/UART.o
 .debug_info    0x0000000000002678      0x4c6 build/default/production/Database.o
 .debug_info    0x0000000000002b3e      0x6cb build/default/production/Motor.o
 .debug_info    0x0000000000003209      0x493 build/default/production/INT_EEPROM.o
 .debug_info    0x000000000000369c      0x7fa build/default/production/keypad.o
 .debug_info    0x0000000000003e96     0x1c17 build/default/production/applayer_uart.o
 .debug_info    0x0000000000005aad     0x1439 build/default/production/applayer_keypad.o
 .debug_info    0x0000000000006ee6      0x342 build/default/production/My_timer2.o

.debug_abbrev   0x0000000000000000     0x1423
 *(.debug_abbrev)
 .debug_abbrev  0x0000000000000000      0x4a3 C:/Program Files/Microchip/MPLABX/v5.50/packs/Microchip/ATmega_DFP/2.3.126/xc8/avr/lib/avr5/memx-const/crtatmega32.o
 .debug_abbrev  0x00000000000004a3      0x152 build/default/production/main.o
 .debug_abbrev  0x00000000000005f5      0x14b build/default/production/IO.o
 .debug_abbrev  0x0000000000000740      0x1be build/default/production/LCD_4bit.o
 .debug_abbrev  0x00000000000008fe       0x8d build/default/production/Timer.o
 .debug_abbrev  0x000000000000098b       0x96 build/default/production/ADC.o
 .debug_abbrev  0x0000000000000a21      0x183 build/default/production/UART.o
 .debug_abbrev  0x0000000000000ba4       0xe5 build/default/production/Database.o
 .debug_abbrev  0x0000000000000c89       0x80 build/default/production/Motor.o
 .debug_abbrev  0x0000000000000d09      0x171 build/default/production/INT_EEPROM.o
 .debug_abbrev  0x0000000000000e7a      0x11f build/default/production/keypad.o
 .debug_abbrev  0x0000000000000f99      0x221 build/default/production/applayer_uart.o
 .debug_abbrev  0x00000000000011ba      0x1da build/default/production/applayer_keypad.o
 .debug_abbrev  0x0000000000001394       0x8f build/default/production/My_timer2.o

.debug_line     0x0000000000000000     0x235c
 *(.debug_line .debug_line.* .debug_line_end)
 .debug_line    0x0000000000000000      0x119 C:/Program Files/Microchip/MPLABX/v5.50/packs/Microchip/ATmega_DFP/2.3.126/xc8/avr/lib/avr5/memx-const/crtatmega32.o
 .debug_line    0x0000000000000119      0x20a build/default/production/main.o
 .debug_line    0x0000000000000323      0x3af build/default/production/IO.o
 .debug_line    0x00000000000006d2      0x27d build/default/production/LCD_4bit.o
 .debug_line    0x000000000000094f       0xe4 build/default/production/Timer.o
 .debug_line    0x0000000000000a33      0x12c build/default/production/ADC.o
 .debug_line    0x0000000000000b5f      0x13b build/default/production/UART.o
 .debug_line    0x0000000000000c9a      0x198 build/default/production/Database.o
 .debug_line    0x0000000000000e32      0x10d build/default/production/Motor.o
 .debug_line    0x0000000000000f3f      0x15f build/default/production/INT_EEPROM.o
 .debug_line    0x000000000000109e      0x2b2 build/default/production/keypad.o
 .debug_line    0x0000000000001350      0x8cd build/default/production/applayer_uart.o
 .debug_line    0x0000000000001c1d      0x653 build/default/production/applayer_keypad.o
 .debug_line    0x0000000000002270       0xec build/default/production/My_timer2.o

.debug_frame    0x0000000000000000      0x7e8
 *(.debug_frame)
 .debug_frame   0x0000000000000000       0xe4 build/default/production/main.o
 .debug_frame   0x00000000000000e4       0xf4 build/default/production/IO.o
 .debug_frame   0x00000000000001d8       0xc0 build/default/production/LCD_4bit.o
 .debug_frame   0x0000000000000298       0x64 build/default/production/Timer.o
 .debug_frame   0x00000000000002fc       0x64 build/default/production/ADC.o
 .debug_frame   0x0000000000000360       0x80 build/default/production/UART.o
 .debug_frame   0x00000000000003e0       0xfc build/default/production/Database.o
 .debug_frame   0x00000000000004dc       0x54 build/default/production/Motor.o
 .debug_frame   0x0000000000000530       0x98 build/default/production/INT_EEPROM.o
 .debug_frame   0x00000000000005c8       0x48 build/default/production/keypad.o
 .debug_frame   0x0000000000000610       0xec build/default/production/applayer_uart.o
 .debug_frame   0x00000000000006fc       0x8c build/default/production/applayer_keypad.o
 .debug_frame   0x0000000000000788       0x60 build/default/production/My_timer2.o

.debug_str      0x0000000000000000      0x523
 *(.debug_str)
 .debug_str     0x0000000000000000      0x196 C:/Program Files/Microchip/MPLABX/v5.50/packs/Microchip/ATmega_DFP/2.3.126/xc8/avr/lib/avr5/memx-const/crtatmega32.o
 .debug_str     0x0000000000000196       0xc1 build/default/production/main.o
 .debug_str     0x0000000000000257        0xf build/default/production/IO.o
 .debug_str     0x0000000000000266       0x23 build/default/production/LCD_4bit.o
 .debug_str     0x0000000000000289        0xa build/default/production/Timer.o
 .debug_str     0x0000000000000293        0x0 build/default/production/ADC.o
 .debug_str     0x0000000000000293        0xe build/default/production/UART.o
 .debug_str     0x00000000000002a1       0x2d build/default/production/Database.o
 .debug_str     0x00000000000002ce       0x1e build/default/production/Motor.o
 .debug_str     0x00000000000002ec       0x16 build/default/production/INT_EEPROM.o
 .debug_str     0x0000000000000302        0xa build/default/production/keypad.o
 .debug_str     0x000000000000030c      0x134 build/default/production/applayer_uart.o
 .debug_str     0x0000000000000440       0xd9 build/default/production/applayer_keypad.o
 .debug_str     0x0000000000000519        0xa build/default/production/My_timer2.o

.debug_loc      0x0000000000000000     0x290f
 *(.debug_loc)
 .debug_loc     0x0000000000000000       0xd2 build/default/production/main.o
 .debug_loc     0x00000000000000d2      0x73a build/default/production/IO.o
 .debug_loc     0x000000000000080c      0x3c0 build/default/production/LCD_4bit.o
 .debug_loc     0x0000000000000bcc       0x72 build/default/production/Timer.o
 .debug_loc     0x0000000000000c3e       0xf8 build/default/production/ADC.o
 .debug_loc     0x0000000000000d36      0x176 build/default/production/UART.o
 .debug_loc     0x0000000000000eac      0x3ff build/default/production/Database.o
 .debug_loc     0x00000000000012ab      0x110 build/default/production/Motor.o
 .debug_loc     0x00000000000013bb      0x18f build/default/production/INT_EEPROM.o
 .debug_loc     0x000000000000154a      0x4fc build/default/production/keypad.o
 .debug_loc     0x0000000000001a46      0x83e build/default/production/applayer_uart.o
 .debug_loc     0x0000000000002284      0x609 build/default/production/applayer_keypad.o
 .debug_loc     0x000000000000288d       0x82 build/default/production/My_timer2.o

.debug_macinfo
 *(.debug_macinfo)

.debug_weaknames
 *(.debug_weaknames)

.debug_funcnames
 *(.debug_funcnames)

.debug_typenames
 *(.debug_typenames)

.debug_varnames
 *(.debug_varnames)

.debug_pubtypes
 *(.debug_pubtypes)

.debug_ranges   0x0000000000000000      0x618
 *(.debug_ranges)
 .debug_ranges  0x0000000000000000       0x20 build/default/production/main.o
 .debug_ranges  0x0000000000000020       0x78 build/default/production/IO.o
 .debug_ranges  0x0000000000000098       0x48 build/default/production/LCD_4bit.o
 .debug_ranges  0x00000000000000e0       0x30 build/default/production/Timer.o
 .debug_ranges  0x0000000000000110       0x30 build/default/production/ADC.o
 .debug_ranges  0x0000000000000140       0x30 build/default/production/UART.o
 .debug_ranges  0x0000000000000170       0x70 build/default/production/Database.o
 .debug_ranges  0x00000000000001e0       0x28 build/default/production/Motor.o
 .debug_ranges  0x0000000000000208       0x28 build/default/production/INT_EEPROM.o
 .debug_ranges  0x0000000000000230       0x30 build/default/production/keypad.o
 .debug_ranges  0x0000000000000260      0x1f8 build/default/production/applayer_uart.o
 .debug_ranges  0x0000000000000458      0x198 build/default/production/applayer_keypad.o
 .debug_ranges  0x00000000000005f0       0x28 build/default/production/My_timer2.o

.debug_macro
 *(.debug_macro)
OUTPUT(dist/default/production/gradution_project.X.production.elf elf32-avr)
LOAD linker stubs
LOAD data_init

.note.gnu.avr.deviceinfo
                0x0000000000000000       0x3c
 .note.gnu.avr.deviceinfo
                0x0000000000000000       0x3c C:/Program Files/Microchip/MPLABX/v5.50/packs/Microchip/ATmega_DFP/2.3.126/xc8/avr/lib/avr5/memx-const/crtatmega32.o

.bss.x.2208     0x00000000008002d2        0x2
 .bss.x.2208    0x00000000008002d2        0x2 build/default/production/main.o

.bss.__counter  0x00000000008002d4        0x2
 .bss.__counter
                0x00000000008002d4        0x2 build/default/production/applayer_keypad.o
                0x00000000008002d4                __counter

.progmemx.data  0x00000000000000ba        0xf
 .progmemx.data
                0x00000000000000ba        0xf build/default/production/main.o

.text.app_Leds_uart
                0x00000000000000ca      0x3fa
 .text.app_Leds_uart
                0x00000000000000ca      0x3fa build/default/production/applayer_uart.o
                0x00000000000000ca                app_Leds_uart

.text.app_Leds_keypad
                0x00000000000004c4      0x3b6
 .text.app_Leds_keypad
                0x00000000000004c4      0x3b6 build/default/production/applayer_keypad.o
                0x00000000000004c4                app_Leds_keypad

.text.getKey    0x000000000000087a      0x2d0
 .text.getKey   0x000000000000087a      0x2d0 build/default/production/keypad.o
                0x000000000000087a                getKey

.text.app_start_keypad
                0x0000000000000b4a      0x16e
 .text.app_start_keypad
                0x0000000000000b4a      0x16e build/default/production/applayer_keypad.o
                0x0000000000000b4a                app_start_keypad

.text.app_start_uart
                0x0000000000000cb8      0x134
 .text.app_start_uart
                0x0000000000000cb8      0x134 build/default/production/applayer_uart.o
                0x0000000000000cb8                app_start_uart

.text.Delete_user
                0x0000000000000dec      0x110
 .text.Delete_user
                0x0000000000000dec      0x110 build/default/production/applayer_uart.o
                0x0000000000000dec                Delete_user

.text.app_Door_uart
                0x0000000000000efc       0xf2
 .text.app_Door_uart
                0x0000000000000efc       0xf2 build/default/production/applayer_uart.o
                0x0000000000000efc                app_Door_uart

.text.SetPinDir
                0x0000000000000fee       0xf0
 .text.SetPinDir
                0x0000000000000fee       0xf0 build/default/production/IO.o
                0x0000000000000fee                SetPinDir

.text.SetPinData
                0x00000000000010de       0xf0
 .text.SetPinData
                0x00000000000010de       0xf0 build/default/production/IO.o
                0x00000000000010de                SetPinData

.text.main      0x00000000000011ce       0xe0
 .text.main     0x00000000000011ce       0xe0 build/default/production/main.o
                0x00000000000011ce                main

.text.avrlibc.fplib
                0x00000000000012ae       0xde
 .text.avrlibc.fplib
                0x00000000000012ae       0xde c:/program files/microchip/xc8/v2.32/avr/bin/../lib/gcc/avr/5.4.0/../../../../avr/lib/avr5/memx-const\libm.a(divsf3x.o)
                0x00000000000012ae                __divsf3x
                0x00000000000012d6                __divsf3_pse

.text.avrlibc.fplib
                0x000000000000138c       0xce
 .text.avrlibc.fplib
                0x000000000000138c       0xce c:/program files/microchip/xc8/v2.32/avr/bin/../lib/gcc/avr/5.4.0/../../../../avr/lib/avr5/memx-const\libm.a(addsf3x.o)
                0x000000000000138c                __addsf3x

.text.check_str_user
                0x000000000000145a       0xc0
 .text.check_str_user
                0x000000000000145a       0xc0 build/default/production/Database.o
                0x000000000000145a                check_str_user

.text.check_str_pass
                0x000000000000151a       0xa6
 .text.check_str_pass
                0x000000000000151a       0xa6 build/default/production/Database.o
                0x000000000000151a                check_str_pass

.text.app_Ac_uart
                0x00000000000015c0       0xa2
 .text.app_Ac_uart
                0x00000000000015c0       0xa2 build/default/production/applayer_uart.o
                0x00000000000015c0                app_Ac_uart

.text.app_Ac_keypad
                0x0000000000001662       0x9a
 .text.app_Ac_keypad
                0x0000000000001662       0x9a build/default/production/applayer_keypad.o
                0x0000000000001662                app_Ac_keypad

.text.init_Motor
                0x00000000000016fc       0x88
 .text.init_Motor
                0x00000000000016fc       0x88 build/default/production/Motor.o
                0x00000000000016fc                init_Motor

.text.avrlibc.fplib
                0x0000000000001784       0x7a
 .text.avrlibc.fplib
                0x0000000000001784       0x7a c:/program files/microchip/xc8/v2.32/avr/bin/../lib/gcc/avr/5.4.0/../../../../avr/lib/avr5/memx-const\libm.a(floatsisf.o)
                0x0000000000001784                __floatunsisf
                0x0000000000001788                __floatsisf

.text.Init_Lcd_4bit
                0x00000000000017fe       0x74
 .text.Init_Lcd_4bit
                0x00000000000017fe       0x74 build/default/production/LCD_4bit.o
                0x00000000000017fe                Init_Lcd_4bit

.text.IsPressed
                0x0000000000001872       0x70
 .text.IsPressed
                0x0000000000001872       0x70 build/default/production/IO.o
                0x0000000000001872                IsPressed

.text.write_EEPROM_num
                0x00000000000018e2       0x6c
 .text.write_EEPROM_num
                0x00000000000018e2       0x6c build/default/production/INT_EEPROM.o
                0x00000000000018e2                write_EEPROM_num

.text.__vector_11
                0x000000000000194e       0x68
 .text.__vector_11
                0x000000000000194e       0x68 build/default/production/main.o
                0x000000000000194e                __vector_11

.text.Motor_Stop
                0x00000000000019b6       0x68
 .text.Motor_Stop
                0x00000000000019b6       0x68 build/default/production/Motor.o
                0x00000000000019b6                Motor_Stop

.text.app_home_uart
                0x0000000000001a1e       0x60
 .text.app_home_uart
                0x0000000000001a1e       0x60 build/default/production/applayer_uart.o
                0x0000000000001a1e                app_home_uart

.text.avrlibc.fplib
                0x0000000000001a7e       0x5e
 .text.avrlibc.fplib
                0x0000000000001a7e       0x5e c:/program files/microchip/xc8/v2.32/avr/bin/../lib/gcc/avr/5.4.0/../../../../avr/lib/avr5/memx-const\libm.a(fixunssfsi.o)
                0x0000000000001a7e                __fixunssfsi

.text.init_uart
                0x0000000000001adc       0x5c
 .text.init_uart
                0x0000000000001adc       0x5c build/default/production/UART.o
                0x0000000000001adc                init_uart

.text.__vector_13
                0x0000000000001b38       0x58
 .text.__vector_13
                0x0000000000001b38       0x58 build/default/production/main.o
                0x0000000000001b38                __vector_13

.text.Motor_Forward
                0x0000000000001b90       0x58
 .text.Motor_Forward
                0x0000000000001b90       0x58 build/default/production/Motor.o
                0x0000000000001b90                Motor_Forward

.text.app_home_keypad
                0x0000000000001be8       0x58
 .text.app_home_keypad
                0x0000000000001be8       0x58 build/default/production/applayer_keypad.o
                0x0000000000001be8                app_home_keypad

.text.Lcd_cmd_4bit
                0x0000000000001c40       0x56
 .text.Lcd_cmd_4bit
                0x0000000000001c40       0x56 build/default/production/LCD_4bit.o
                0x0000000000001c40                Lcd_cmd_4bit

.text.Lcd_Write_4bit
                0x0000000000001c96       0x56
 .text.Lcd_Write_4bit
                0x0000000000001c96       0x56 build/default/production/LCD_4bit.o
                0x0000000000001c96                Lcd_Write_4bit

.text.Lm_35     0x0000000000001cec       0x52
 .text.Lm_35    0x0000000000001cec       0x52 build/default/production/applayer_uart.o
                0x0000000000001cec                Lm_35

.text.app_options_uart
                0x0000000000001d3e       0x46
 .text.app_options_uart
                0x0000000000001d3e       0x46 build/default/production/applayer_uart.o
                0x0000000000001d3e                app_options_uart

.text.avrlibc.fplib
                0x0000000000001d84       0x44
 .text.avrlibc.fplib
                0x0000000000001d84       0x44 c:/program files/microchip/xc8/v2.32/avr/bin/../lib/gcc/avr/5.4.0/../../../../avr/lib/avr5/memx-const\libm.a(fp_split3.o)
                0x0000000000001d84                __fp_split3
                0x0000000000001d94                __fp_splitA

.text.init_ADC  0x0000000000001dc8       0x3e
 .text.init_ADC
                0x0000000000001dc8       0x3e build/default/production/ADC.o
                0x0000000000001dc8                init_ADC

.text.check_user
                0x0000000000001e06       0x38
 .text.check_user
                0x0000000000001e06       0x38 build/default/production/Database.o
                0x0000000000001e06                check_user

.text.check_admin
                0x0000000000001e3e       0x38
 .text.check_admin
                0x0000000000001e3e       0x38 build/default/production/Database.o
                0x0000000000001e3e                check_admin

.text.write_EEPROM_str
                0x0000000000001e76       0x34
 .text.write_EEPROM_str
                0x0000000000001e76       0x34 build/default/production/INT_EEPROM.o
                0x0000000000001e76                write_EEPROM_str

.text.setOC0Mode2
                0x0000000000001eaa       0x34
 .text.setOC0Mode2
                0x0000000000001eaa       0x34 build/default/production/My_timer2.o
                0x0000000000001eaa                setOC0Mode2

.text.avrlibc   0x0000000000001ede       0x34
 .text.avrlibc  0x0000000000001ede       0x34 c:/program files/microchip/xc8/v2.32/avr/bin/../lib/gcc/avr/5.4.0/../../../../avr/lib/avr5/memx-const\libc.a(utoa_ncheck.o)
                0x0000000000001ede                __utoa_ncheck
                0x0000000000001ee0                __utoa_common

.text.LCD_enable_4bit
                0x0000000000001f12       0x2e
 .text.LCD_enable_4bit
                0x0000000000001f12       0x2e build/default/production/LCD_4bit.o
                0x0000000000001f12                LCD_enable_4bit

.text.app_options_keypad
                0x0000000000001f40       0x2a
 .text.app_options_keypad
                0x0000000000001f40       0x2a build/default/production/applayer_keypad.o
                0x0000000000001f40                app_options_keypad

.text.libgcc.div
                0x0000000000001f6a       0x28
 .text.libgcc.div
                0x0000000000001f6a       0x28 c:/program files/microchip/xc8/v2.32/avr/bin/../lib/gcc/avr/5.4.0/avr5/memx-const\libgcc.a(_divmodhi4.o)
                0x0000000000001f6a                _div
                0x0000000000001f6a                __divmodhi4

.text.libgcc.div
                0x0000000000001f92       0x28
 .text.libgcc.div
                0x0000000000001f92       0x28 c:/program files/microchip/xc8/v2.32/avr/bin/../lib/gcc/avr/5.4.0/avr5/memx-const\libgcc.a(_udivmodhi4.o)
                0x0000000000001f92                __udivmodhi4

.text.avrlibc.fplib
                0x0000000000001fba       0x22
 .text.avrlibc.fplib
                0x0000000000001fba       0x22 c:/program files/microchip/xc8/v2.32/avr/bin/../lib/gcc/avr/5.4.0/../../../../avr/lib/avr5/memx-const\libm.a(fp_round.o)
                0x0000000000001fba                __fp_round

.text.avrlibc   0x0000000000001fdc       0x20
 .text.avrlibc  0x0000000000001fdc       0x20 c:/program files/microchip/xc8/v2.32/avr/bin/../lib/gcc/avr/5.4.0/../../../../avr/lib/avr5/memx-const\libc.a(strrev.o)
                0x0000000000001fdc                strrev

.text.LcdWrite_str_4bit
                0x0000000000001ffc       0x1e
 .text.LcdWrite_str_4bit
                0x0000000000001ffc       0x1e build/default/production/LCD_4bit.o
                0x0000000000001ffc                LcdWrite_str_4bit

.text.LCD_goto_4bit
                0x000000000000201a       0x1e
 .text.LCD_goto_4bit
                0x000000000000201a       0x1e build/default/production/LCD_4bit.o
                0x000000000000201a                LCD_goto_4bit

.text.uart_send_str
                0x0000000000002038       0x1e
 .text.uart_send_str
                0x0000000000002038       0x1e build/default/production/UART.o
                0x0000000000002038                uart_send_str

.text.init_timer2
                0x0000000000002056       0x1a
 .text.init_timer2
                0x0000000000002056       0x1a build/default/production/My_timer2.o
                0x0000000000002056                init_timer2

.text.libgcc    0x0000000000002070       0x1a
 .text.libgcc   0x0000000000002070       0x1a c:/program files/microchip/xc8/v2.32/avr/bin/../lib/gcc/avr/5.4.0/avr5/memx-const\libgcc.a(_movmemx.o)
                0x0000000000002070                __movmemx_qi
                0x0000000000002072                __movmemx_hi

.text.Timer_Int_Disable
                0x000000000000208a       0x18
 .text.Timer_Int_Disable
                0x000000000000208a       0x18 build/default/production/Timer.o
                0x000000000000208a                Timer_Int_Disable

.text.Timer_Int_Enable
                0x00000000000020a2       0x16
 .text.Timer_Int_Enable
                0x00000000000020a2       0x16 build/default/production/Timer.o
                0x00000000000020a2                Timer_Int_Enable

.text.avrlibc   0x00000000000020b8       0x16
 .text.avrlibc  0x00000000000020b8       0x16 c:/program files/microchip/xc8/v2.32/avr/bin/../lib/gcc/avr/5.4.0/../../../../avr/lib/avr5/memx-const\libc.a(itoa_ncheck.o)
                0x00000000000020b8                __itoa_ncheck

.text.LCD_clear_4bit
                0x00000000000020ce       0x14
 .text.LCD_clear_4bit
                0x00000000000020ce       0x14 build/default/production/LCD_4bit.o
                0x00000000000020ce                LCD_clear_4bit

.text.write_EEPROM
                0x00000000000020e2       0x14
 .text.write_EEPROM
                0x00000000000020e2       0x14 build/default/production/INT_EEPROM.o
                0x00000000000020e2                write_EEPROM

.text.init_keypad
                0x00000000000020f6       0x14
 .text.init_keypad
                0x00000000000020f6       0x14 build/default/production/keypad.o
                0x00000000000020f6                init_keypad

.text.read_EEPROM
                0x000000000000210a       0x12
 .text.read_EEPROM
                0x000000000000210a       0x12 build/default/production/INT_EEPROM.o
                0x000000000000210a                read_EEPROM

.text.Set_Buzzer
                0x000000000000211c       0x10
 .text.Set_Buzzer
                0x000000000000211c       0x10 build/default/production/IO.o
                0x000000000000211c                Set_Buzzer

.text.init_Timer
                0x000000000000212c       0x10
 .text.init_Timer
                0x000000000000212c       0x10 build/default/production/Timer.o
                0x000000000000212c                init_Timer

.text.Compare_Match_Mode
                0x000000000000213c        0xe
 .text.Compare_Match_Mode
                0x000000000000213c        0xe build/default/production/Timer.o
                0x000000000000213c                Compare_Match_Mode

.text.ADC_READ_Right
                0x000000000000214a        0xe
 .text.ADC_READ_Right
                0x000000000000214a        0xe build/default/production/ADC.o
                0x000000000000214a                ADC_READ_Right

.text.avrlibc.fplib
                0x0000000000002158        0xe
 .text.avrlibc.fplib
                0x0000000000002158        0xe c:/program files/microchip/xc8/v2.32/avr/bin/../lib/gcc/avr/5.4.0/../../../../avr/lib/avr5/memx-const\libm.a(addsf3.o)
                0x0000000000002158                __subsf3
                0x000000000000215a                __addsf3

.text.avrlibc.fplib
                0x0000000000002166        0xe
 .text.avrlibc.fplib
                0x0000000000002166        0xe c:/program files/microchip/xc8/v2.32/avr/bin/../lib/gcc/avr/5.4.0/../../../../avr/lib/avr5/memx-const\libm.a(fixsfsi.o)
                0x0000000000002166                __fixsfsi

.text.avrlibc.fplib
                0x0000000000002174        0xe
 .text.avrlibc.fplib
                0x0000000000002174        0xe c:/program files/microchip/xc8/v2.32/avr/bin/../lib/gcc/avr/5.4.0/../../../../avr/lib/avr5/memx-const\libm.a(fp_pscA.o)
                0x0000000000002174                __fp_pscA

.text.avrlibc.fplib
                0x0000000000002182        0xe
 .text.avrlibc.fplib
                0x0000000000002182        0xe c:/program files/microchip/xc8/v2.32/avr/bin/../lib/gcc/avr/5.4.0/../../../../avr/lib/avr5/memx-const\libm.a(fp_pscB.o)
                0x0000000000002182                __fp_pscB

.text.avrlibc.fplib
                0x0000000000002190        0xe
 .text.avrlibc.fplib
                0x0000000000002190        0xe c:/program files/microchip/xc8/v2.32/avr/bin/../lib/gcc/avr/5.4.0/../../../../avr/lib/avr5/memx-const\libm.a(fp_zero.o)
                0x0000000000002190                __fp_zero
                0x0000000000002192                __fp_szero

.text.avrlibc.fplib
                0x000000000000219e        0xc
 .text.avrlibc.fplib
                0x000000000000219e        0xc c:/program files/microchip/xc8/v2.32/avr/bin/../lib/gcc/avr/5.4.0/../../../../avr/lib/avr5/memx-const\libm.a(fp_inf.o)
                0x000000000000219e                __fp_inf

.text.uart_send
                0x00000000000021aa        0x8
 .text.uart_send
                0x00000000000021aa        0x8 build/default/production/UART.o
                0x00000000000021aa                uart_send

.text.uart_receive
                0x00000000000021b2        0x8
 .text.uart_receive
                0x00000000000021b2        0x8 build/default/production/UART.o
                0x00000000000021b2                uart_receive

.text.avrlibc.fplib
                0x00000000000021ba        0x8
 .text.avrlibc.fplib
                0x00000000000021ba        0x8 c:/program files/microchip/xc8/v2.32/avr/bin/../lib/gcc/avr/5.4.0/../../../../avr/lib/avr5/memx-const\libm.a(divsf3.o)
                0x00000000000021ba                __divsf3

.text.avrlibc.fplib
                0x00000000000021c2        0x6
 .text.avrlibc.fplib
                0x00000000000021c2        0x6 c:/program files/microchip/xc8/v2.32/avr/bin/../lib/gcc/avr/5.4.0/../../../../avr/lib/avr5/memx-const\libm.a(fp_nan.o)
                0x00000000000021c2                __fp_nan

.text           0x00000000000021c8        0x4
 .text          0x00000000000021c8        0x4 C:/Program Files/Microchip/MPLABX/v5.50/packs/Microchip/ATmega_DFP/2.3.126/xc8/avr/lib/avr5/memx-const/crtatmega32.o
                0x00000000000021c8                __vector_1
                0x00000000000021c8                __vector_12
                0x00000000000021c8                __bad_interrupt
                0x00000000000021c8                __vector_6
                0x00000000000021c8                __vector_3
                0x00000000000021c8                __vector_17
                0x00000000000021c8                __vector_19
                0x00000000000021c8                __vector_7
                0x00000000000021c8                __vector_5
                0x00000000000021c8                __vector_4
                0x00000000000021c8                __vector_9
                0x00000000000021c8                __vector_2
                0x00000000000021c8                __vector_15
                0x00000000000021c8                __vector_8
                0x00000000000021c8                __vector_14
                0x00000000000021c8                __vector_10
                0x00000000000021c8                __vector_16
                0x00000000000021c8                __vector_18
                0x00000000000021c8                __vector_20

.text.Init_Buzzer
                0x00000000000021cc        0x4
 .text.Init_Buzzer
                0x00000000000021cc        0x4 build/default/production/IO.o
                0x00000000000021cc                Init_Buzzer

.text.Set_OC    0x00000000000021d0        0x4
 .text.Set_OC   0x00000000000021d0        0x4 build/default/production/Timer.o
                0x00000000000021d0                Set_OC

.text.Start_Conversion
                0x00000000000021d4        0x4
 .text.Start_Conversion
                0x00000000000021d4        0x4 build/default/production/ADC.o
                0x00000000000021d4                Start_Conversion

.text.setOutCompare2
                0x00000000000021d8        0x4
 .text.setOutCompare2
                0x00000000000021d8        0x4 build/default/production/My_timer2.o
                0x00000000000021d8                setOutCompare2

.data.Y1        0x0000000000800088       0x1e load address 0x00000000000021dc
 .data.Y1       0x0000000000800088       0x1e build/default/production/applayer_uart.o
                0x0000000000800088                Y1

.data.y10       0x00000000008000a6       0x19 load address 0x00000000000021fa
 .data.y10      0x00000000008000a6       0x19 build/default/production/applayer_uart.o
                0x00000000008000a6                y10

.data.xx        0x00000000008000bf       0x17 load address 0x0000000000002213
 .data.xx       0x00000000008000bf       0x17 build/default/production/applayer_uart.o
                0x00000000008000bf                xx

.data.y23       0x00000000008000d6       0x13 load address 0x000000000000222a
 .data.y23      0x00000000008000d6       0x13 build/default/production/applayer_uart.o
                0x00000000008000d6                y23

.data.x         0x00000000008000e9       0x13 load address 0x000000000000223d
 .data.x        0x00000000008000e9       0x13 build/default/production/applayer_uart.o
                0x00000000008000e9                x

.data.y11       0x00000000008000fc       0x12 load address 0x0000000000002250
 .data.y11      0x00000000008000fc       0x12 build/default/production/applayer_uart.o
                0x00000000008000fc                y11

.data.y55       0x000000000080010e       0x12 load address 0x0000000000002262
 .data.y55      0x000000000080010e       0x12 build/default/production/applayer_uart.o
                0x000000000080010e                y55

.data.x11       0x0000000000800120       0x12 load address 0x0000000000002274
 .data.x11      0x0000000000800120       0x12 build/default/production/applayer_keypad.o
                0x0000000000800120                x11

.data.x2        0x0000000000800132       0x12 load address 0x0000000000002286
 .data.x2       0x0000000000800132       0x12 build/default/production/applayer_keypad.o
                0x0000000000800132                x2

.data.x10       0x0000000000800144       0x11 load address 0x0000000000002298
 .data.x10      0x0000000000800144       0x11 build/default/production/applayer_keypad.o
                0x0000000000800144                x10

.data.x16       0x0000000000800155       0x10 load address 0x00000000000022a9
 .data.x16      0x0000000000800155       0x10 build/default/production/applayer_keypad.o
                0x0000000000800155                x16

.data.x17       0x0000000000800165        0xf load address 0x00000000000022b9
 .data.x17      0x0000000000800165        0xf build/default/production/applayer_keypad.o
                0x0000000000800165                x17

.data.y20       0x0000000000800174        0xe load address 0x00000000000022c8
 .data.y20      0x0000000000800174        0xe build/default/production/applayer_uart.o
                0x0000000000800174                y20

.data.y19       0x0000000000800182        0xe load address 0x00000000000022d6
 .data.y19      0x0000000000800182        0xe build/default/production/applayer_uart.o
                0x0000000000800182                y19

.data.y18       0x0000000000800190        0xe load address 0x00000000000022e4
 .data.y18      0x0000000000800190        0xe build/default/production/applayer_uart.o
                0x0000000000800190                y18

.data.y56       0x000000000080019e        0xe load address 0x00000000000022f2
 .data.y56      0x000000000080019e        0xe build/default/production/applayer_uart.o
                0x000000000080019e                y56

.data.y2        0x00000000008001ac        0xe load address 0x0000000000002300
 .data.y2       0x00000000008001ac        0xe build/default/production/applayer_uart.o
                0x00000000008001ac                y2

.data.xxxx      0x00000000008001ba        0xe load address 0x000000000000230e
 .data.xxxx     0x00000000008001ba        0xe build/default/production/applayer_uart.o
                0x00000000008001ba                xxxx

.data.x6        0x00000000008001c8        0xe load address 0x000000000000231c
 .data.x6       0x00000000008001c8        0xe build/default/production/applayer_keypad.o
                0x00000000008001c8                x6

.data.x4        0x00000000008001d6        0xe load address 0x000000000000232a
 .data.x4       0x00000000008001d6        0xe build/default/production/applayer_keypad.o
                0x00000000008001d6                x4

.data.x1        0x00000000008001e4        0xe load address 0x0000000000002338
 .data.x1       0x00000000008001e4        0xe build/default/production/applayer_keypad.o
                0x00000000008001e4                x1

.data.y22       0x00000000008001f2        0xd load address 0x0000000000002346
 .data.y22      0x00000000008001f2        0xd build/default/production/applayer_uart.o
                0x00000000008001f2                y22

.data.y17       0x00000000008001ff        0xc load address 0x0000000000002353
 .data.y17      0x00000000008001ff        0xc build/default/production/applayer_uart.o
                0x00000000008001ff                y17

.data.y21       0x000000000080020b        0xb load address 0x000000000000235f
 .data.y21      0x000000000080020b        0xb build/default/production/applayer_uart.o
                0x000000000080020b                y21

.data.y16       0x0000000000800216        0xb load address 0x000000000000236a
 .data.y16      0x0000000000800216        0xb build/default/production/applayer_uart.o
                0x0000000000800216                y16

.data.y9        0x0000000000800221        0xb load address 0x0000000000002375
 .data.y9       0x0000000000800221        0xb build/default/production/applayer_uart.o
                0x0000000000800221                y9

.data.y8        0x000000000080022c        0xb load address 0x0000000000002380
 .data.y8       0x000000000080022c        0xb build/default/production/applayer_uart.o
                0x000000000080022c                y8

.data.y7        0x0000000000800237        0xb load address 0x000000000000238b
 .data.y7       0x0000000000800237        0xb build/default/production/applayer_uart.o
                0x0000000000800237                y7

.data.y6        0x0000000000800242        0xb load address 0x0000000000002396
 .data.y6       0x0000000000800242        0xb build/default/production/applayer_uart.o
                0x0000000000800242                y6

.data.y4        0x000000000080024d        0xb load address 0x00000000000023a1
 .data.y4       0x000000000080024d        0xb build/default/production/applayer_uart.o
                0x000000000080024d                y4

.data.y3        0x0000000000800258        0xb load address 0x00000000000023ac
 .data.y3       0x0000000000800258        0xb build/default/production/applayer_uart.o
                0x0000000000800258                y3

.data.x9        0x0000000000800263        0xb load address 0x00000000000023b7
 .data.x9       0x0000000000800263        0xb build/default/production/applayer_keypad.o
                0x0000000000800263                x9

.data.y15       0x000000000080026e        0xa load address 0x00000000000023c2
 .data.y15      0x000000000080026e        0xa build/default/production/applayer_uart.o
                0x000000000080026e                y15

.data.y13       0x0000000000800278        0xa load address 0x00000000000023cc
 .data.y13      0x0000000000800278        0xa build/default/production/applayer_uart.o
                0x0000000000800278                y13

.data.x5        0x0000000000800282        0xa load address 0x00000000000023d6
 .data.x5       0x0000000000800282        0xa build/default/production/applayer_keypad.o
                0x0000000000800282                x5

.data.y14       0x000000000080028c        0x9 load address 0x00000000000023e0
 .data.y14      0x000000000080028c        0x9 build/default/production/applayer_uart.o
                0x000000000080028c                y14

.data.y12       0x0000000000800295        0x9 load address 0x00000000000023e9
 .data.y12      0x0000000000800295        0x9 build/default/production/applayer_uart.o
                0x0000000000800295                y12

.data.y5        0x000000000080029e        0x9 load address 0x00000000000023f2
 .data.y5       0x000000000080029e        0x9 build/default/production/applayer_uart.o
                0x000000000080029e                y5

.data.xxx       0x00000000008002a7        0x8 load address 0x00000000000023fb
 .data.xxx      0x00000000008002a7        0x8 build/default/production/applayer_uart.o
                0x00000000008002a7                xxx

.data.x8        0x00000000008002af        0x8 load address 0x0000000000002403
 .data.x8       0x00000000008002af        0x8 build/default/production/applayer_keypad.o
                0x00000000008002af                x8

.data.x3        0x00000000008002b7        0x8 load address 0x000000000000240b
 .data.x3       0x00000000008002b7        0x8 build/default/production/applayer_keypad.o
                0x00000000008002b7                x3

.data.x13       0x00000000008002bf        0x7 load address 0x0000000000002413
 .data.x13      0x00000000008002bf        0x7 build/default/production/applayer_keypad.o
                0x00000000008002bf                x13

.data.x12       0x00000000008002c6        0x6 load address 0x000000000000241a
 .data.x12      0x00000000008002c6        0x6 build/default/production/applayer_keypad.o
                0x00000000008002c6                x12

.data.x7        0x00000000008002cc        0x6 load address 0x0000000000002420
 .data.x7       0x00000000008002cc        0x6 build/default/production/applayer_keypad.o
                0x00000000008002cc                x7
